[1.383s] Invoking command in '/home/alicia/rbrz_ws/build/smorphi_control': DEBUGINFOD_URLS=https://debuginfod.ubuntu.com PYTHONPATH=/home/alicia/rbrz_ws/build/smorphi_control/prefix_override:/usr/lib/python3/dist-packages/colcon_core/task/python/colcon_distutils_commands:/home/alicia/rbrz_ws/install/smorphi_control/lib/python3.12/site-packages:${PYTHONPATH} /usr/bin/python3 -W ignore:setup.py install is deprecated -W ignore:easy_install command is deprecated setup.py develop --editable --build-directory /home/alicia/rbrz_ws/build/smorphi_control/build --no-deps symlink_data
[1.809s] running develop
[2.052s] running egg_info
[2.053s] creating smorphi_control.egg-info
[2.075s] writing smorphi_control.egg-info/PKG-INFO
[2.076s] writing dependency_links to smorphi_control.egg-info/dependency_links.txt
[2.076s] writing entry points to smorphi_control.egg-info/entry_points.txt
[2.076s] writing requirements to smorphi_control.egg-info/requires.txt
[2.076s] writing top-level names to smorphi_control.egg-info/top_level.txt
[2.077s] writing manifest file 'smorphi_control.egg-info/SOURCES.txt'
[2.125s] reading manifest file 'smorphi_control.egg-info/SOURCES.txt'
[2.126s] writing manifest file 'smorphi_control.egg-info/SOURCES.txt'
[2.150s] running build_ext
[2.150s] Creating /home/alicia/rbrz_ws/install/smorphi_control/lib/python3.12/site-packages/smorphi-control.egg-link (link to .)
[2.151s] Installing obstacle_avoidance script to /home/alicia/rbrz_ws/install/smorphi_control/lib/smorphi_control
[2.152s] 
[2.152s] Installed /home/alicia/rbrz_ws/build/smorphi_control
[2.152s] running symlink_data
[2.153s] creating /home/alicia/rbrz_ws/install/smorphi_control/share/ament_index
[2.153s] creating /home/alicia/rbrz_ws/install/smorphi_control/share/ament_index/resource_index
[2.153s] creating /home/alicia/rbrz_ws/install/smorphi_control/share/ament_index/resource_index/packages
[2.153s] symbolically linking /home/alicia/rbrz_ws/build/smorphi_control/resource/smorphi_control -> /home/alicia/rbrz_ws/install/smorphi_control/share/ament_index/resource_index/packages
[2.153s] symbolically linking /home/alicia/rbrz_ws/build/smorphi_control/package.xml -> /home/alicia/rbrz_ws/install/smorphi_control/share/smorphi_control
[2.209s] Invoked command in '/home/alicia/rbrz_ws/build/smorphi_control' returned '0': DEBUGINFOD_URLS=https://debuginfod.ubuntu.com PYTHONPATH=/home/alicia/rbrz_ws/build/smorphi_control/prefix_override:/usr/lib/python3/dist-packages/colcon_core/task/python/colcon_distutils_commands:/home/alicia/rbrz_ws/install/smorphi_control/lib/python3.12/site-packages:${PYTHONPATH} /usr/bin/python3 -W ignore:setup.py install is deprecated -W ignore:easy_install command is deprecated setup.py develop --editable --build-directory /home/alicia/rbrz_ws/build/smorphi_control/build --no-deps symlink_data
