[0.022s] Invoking command in '/home/alicia/rbrz_ws/build/smorphi_description': CMAKE_PREFIX_PATH=${CMAKE_PREFIX_PATH}:/opt/ros/jazzy DEBUGINFOD_URLS=https://debuginfod.ubuntu.com /usr/bin/cmake --build /home/alicia/rbrz_ws/build/smorphi_description -- -j8 -l8
[0.126s] Invoked command in '/home/alicia/rbrz_ws/build/smorphi_description' returned '0': CMAKE_PREFIX_PATH=${CMAKE_PREFIX_PATH}:/opt/ros/jazzy DEBUGINFOD_URLS=https://debuginfod.ubuntu.com /usr/bin/cmake --build /home/alicia/rbrz_ws/build/smorphi_description -- -j8 -l8
[0.150s] Invoking command in '/home/alicia/rbrz_ws/build/smorphi_description': CMAKE_PREFIX_PATH=${CMAKE_PREFIX_PATH}:/opt/ros/jazzy DEBUGINFOD_URLS=https://debuginfod.ubuntu.com /usr/bin/cmake --install /home/alicia/rbrz_ws/build/smorphi_description
[0.168s] -- Install configuration: ""
[0.169s] -- Execute custom install script
[0.172s] -- Up-to-date symlink: /home/alicia/rbrz_ws/install/smorphi_description/share/smorphi_description/urdf/smorphi.urdf
[0.173s] -- Up-to-date symlink: /home/alicia/rbrz_ws/install/smorphi_description/share/smorphi_description/meshes/body.stl
[0.174s] -- Up-to-date symlink: /home/alicia/rbrz_ws/install/smorphi_description/share/smorphi_description/meshes/wheel_fl.stl
[0.175s] -- Up-to-date symlink: /home/alicia/rbrz_ws/install/smorphi_description/share/smorphi_description/meshes/wheel_fr.stl
[0.175s] -- Up-to-date symlink: /home/alicia/rbrz_ws/install/smorphi_description/share/smorphi_description/meshes/wheel_rl.stl
[0.175s] -- Up-to-date symlink: /home/alicia/rbrz_ws/install/smorphi_description/share/smorphi_description/meshes/wheel_rr.stl
[0.177s] -- Up-to-date symlink: /home/alicia/rbrz_ws/install/smorphi_description/share/smorphi_description/launch/display.launch.py
[0.178s] -- Up-to-date symlink: /home/alicia/rbrz_ws/install/smorphi_description/share/smorphi_description/launch/gazebo.launch.py
[0.178s] -- Up-to-date symlink: /home/alicia/rbrz_ws/install/smorphi_description/share/ament_index/resource_index/package_run_dependencies/smorphi_description
[0.179s] -- Up-to-date symlink: /home/alicia/rbrz_ws/install/smorphi_description/share/ament_index/resource_index/parent_prefix_path/smorphi_description
[0.179s] -- Up-to-date symlink: /home/alicia/rbrz_ws/install/smorphi_description/share/smorphi_description/environment/ament_prefix_path.sh
[0.180s] -- Up-to-date symlink: /home/alicia/rbrz_ws/install/smorphi_description/share/smorphi_description/environment/ament_prefix_path.dsv
[0.180s] -- Up-to-date symlink: /home/alicia/rbrz_ws/install/smorphi_description/share/smorphi_description/environment/path.sh
[0.180s] -- Up-to-date symlink: /home/alicia/rbrz_ws/install/smorphi_description/share/smorphi_description/environment/path.dsv
[0.181s] -- Up-to-date symlink: /home/alicia/rbrz_ws/install/smorphi_description/share/smorphi_description/local_setup.bash
[0.181s] -- Up-to-date symlink: /home/alicia/rbrz_ws/install/smorphi_description/share/smorphi_description/local_setup.sh
[0.181s] -- Up-to-date symlink: /home/alicia/rbrz_ws/install/smorphi_description/share/smorphi_description/local_setup.zsh
[0.181s] -- Up-to-date symlink: /home/alicia/rbrz_ws/install/smorphi_description/share/smorphi_description/local_setup.dsv
[0.182s] -- Symlinking: /home/alicia/rbrz_ws/install/smorphi_description/share/smorphi_description/package.dsv
[0.200s] -- Up-to-date symlink: /home/alicia/rbrz_ws/install/smorphi_description/share/ament_index/resource_index/packages/smorphi_description
[0.201s] -- Up-to-date symlink: /home/alicia/rbrz_ws/install/smorphi_description/share/smorphi_description/cmake/smorphi_descriptionConfig.cmake
[0.201s] -- Up-to-date symlink: /home/alicia/rbrz_ws/install/smorphi_description/share/smorphi_description/cmake/smorphi_descriptionConfig-version.cmake
[0.201s] -- Up-to-date symlink: /home/alicia/rbrz_ws/install/smorphi_description/share/smorphi_description/package.xml
[0.205s] Invoked command in '/home/alicia/rbrz_ws/build/smorphi_description' returned '0': CMAKE_PREFIX_PATH=${CMAKE_PREFIX_PATH}:/opt/ros/jazzy DEBUGINFOD_URLS=https://debuginfod.ubuntu.com /usr/bin/cmake --install /home/alicia/rbrz_ws/build/smorphi_description
