running egg_info
writing ../../build/smorphi_control/smorphi_control.egg-info/PKG-INFO
writing dependency_links to ../../build/smorphi_control/smorphi_control.egg-info/dependency_links.txt
writing entry points to ../../build/smorphi_control/smorphi_control.egg-info/entry_points.txt
writing requirements to ../../build/smorphi_control/smorphi_control.egg-info/requires.txt
writing top-level names to ../../build/smorphi_control/smorphi_control.egg-info/top_level.txt
reading manifest file '../../build/smorphi_control/smorphi_control.egg-info/SOURCES.txt'
writing manifest file '../../build/smorphi_control/smorphi_control.egg-info/SOURCES.txt'
running build
running build_py
running install
running install_lib
running install_data
running install_egg_info
removing '/home/alicia/rbrz_ws/install/smorphi_control/lib/python3.12/site-packages/smorphi_control-0.0.0-py3.12.egg-info' (and everything under it)
Copying ../../build/smorphi_control/smorphi_control.egg-info to /home/alicia/rbrz_ws/install/smorphi_control/lib/python3.12/site-packages/smorphi_control-0.0.0-py3.12.egg-info
running install_scripts
Installing decision_node script to /home/alicia/rbrz_ws/install/smorphi_control/lib/smorphi_control
Installing line_following script to /home/alicia/rbrz_ws/install/smorphi_control/lib/smorphi_control
Installing obstacle_avoidance script to /home/alicia/rbrz_ws/install/smorphi_control/lib/smorphi_control
writing list of installed files to '/home/alicia/rbrz_ws/build/smorphi_control/install.log'
