-- The C compiler identification is GNU 13.3.0
-- The CXX compiler identification is GNU 13.3.0
-- Detecting C compiler ABI info
-- Detecting C compiler ABI info - done
-- Check for working C compiler: /usr/bin/cc - skipped
-- Detecting C compile features
-- Detecting C compile features - done
-- Detecting CXX compiler ABI info
-- Detecting CXX compiler ABI info - done
-- Check for working CXX compiler: /usr/bin/c++ - skipped
-- Detecting CXX compile features
-- Detecting CXX compile features - done
-- Found ament_cmake: 2.5.6 (/opt/ros/jazzy/share/ament_cmake/cmake)
-- Found Python3: /usr/bin/python3 (found version "3.12.3") found components: Interpreter 
-- Override CMake install command with custom implementation using symlinks instead of copying resources
-- Found ament_lint_auto: 0.17.5 (/opt/ros/jazzy/share/ament_lint_auto/cmake)
-- Added test 'flake8' to check Python code syntax and style conventions
-- Configured 'flake8' exclude dirs and/or files: 
-- Added test 'lint_cmake' to check CMake code style
-- Added test 'pep257' to check Python code against some of the docstring style conventions in PEP 257
-- Added test 'xmllint' to check XML markup files
-- Configuring done (0.8s)
-- Generating done (0.0s)
-- Build files have been written to: /home/alicia/rbrz_ws/build/smorphi_description
-- Install configuration: ""
-- Execute custom install script
-- Symlinking: /home/alicia/rbrz_ws/install/smorphi_description/share/smorphi_description/urdf/smorphi.urdf
-- Symlinking: /home/alicia/rbrz_ws/install/smorphi_description/share/smorphi_description/meshes/body.stl
-- Symlinking: /home/alicia/rbrz_ws/install/smorphi_description/share/smorphi_description/meshes/wheel_fl.stl
-- Symlinking: /home/alicia/rbrz_ws/install/smorphi_description/share/smorphi_description/meshes/wheel_fr.stl
-- Symlinking: /home/alicia/rbrz_ws/install/smorphi_description/share/smorphi_description/meshes/wheel_rl.stl
-- Symlinking: /home/alicia/rbrz_ws/install/smorphi_description/share/smorphi_description/meshes/wheel_rr.stl
-- Symlinking: /home/alicia/rbrz_ws/install/smorphi_description/share/smorphi_description/launch/display.launch.py
-- Symlinking: /home/alicia/rbrz_ws/install/smorphi_description/share/smorphi_description/launch/gazebo.launch.py
-- Symlinking: /home/alicia/rbrz_ws/install/smorphi_description/share/ament_index/resource_index/package_run_dependencies/smorphi_description
-- Symlinking: /home/alicia/rbrz_ws/install/smorphi_description/share/ament_index/resource_index/parent_prefix_path/smorphi_description
-- Symlinking: /home/alicia/rbrz_ws/install/smorphi_description/share/smorphi_description/environment/ament_prefix_path.sh
-- Symlinking: /home/alicia/rbrz_ws/install/smorphi_description/share/smorphi_description/environment/ament_prefix_path.dsv
-- Symlinking: /home/alicia/rbrz_ws/install/smorphi_description/share/smorphi_description/environment/path.sh
-- Symlinking: /home/alicia/rbrz_ws/install/smorphi_description/share/smorphi_description/environment/path.dsv
-- Symlinking: /home/alicia/rbrz_ws/install/smorphi_description/share/smorphi_description/local_setup.bash
-- Symlinking: /home/alicia/rbrz_ws/install/smorphi_description/share/smorphi_description/local_setup.sh
-- Symlinking: /home/alicia/rbrz_ws/install/smorphi_description/share/smorphi_description/local_setup.zsh
-- Symlinking: /home/alicia/rbrz_ws/install/smorphi_description/share/smorphi_description/local_setup.dsv
-- Symlinking: /home/alicia/rbrz_ws/install/smorphi_description/share/smorphi_description/package.dsv
-- Symlinking: /home/alicia/rbrz_ws/install/smorphi_description/share/ament_index/resource_index/packages/smorphi_description
-- Symlinking: /home/alicia/rbrz_ws/install/smorphi_description/share/smorphi_description/cmake/smorphi_descriptionConfig.cmake
-- Symlinking: /home/alicia/rbrz_ws/install/smorphi_description/share/smorphi_description/cmake/smorphi_descriptionConfig-version.cmake
-- Symlinking: /home/alicia/rbrz_ws/install/smorphi_description/share/smorphi_description/package.xml
