[0.012s] Invoking command in '/home/alicia/rbrz_ws/build/smorphi_description': CMAKE_PREFIX_PATH=${CMAKE_PREFIX_PATH}:/home/alicia/ros2_ws/install/simple_service:/home/alicia/ros2_ws/install/autonomous_smorphi:/opt/ros/jazzy DEBUGINFOD_URLS=https://debuginfod.ubuntu.com /usr/bin/cmake /home/alicia/rbrz_ws/src/smorphi_description -DAMENT_CMAKE_SYMLINK_INSTALL=1 -DCMAKE_INSTALL_PREFIX=/home/alicia/rbrz_ws/install/smorphi_description
[0.148s] -- The C compiler identification is GNU 13.3.0
[0.226s] -- The CXX compiler identification is GNU 13.3.0
[0.243s] -- Detecting C compiler ABI info
[0.328s] -- Detecting C compiler ABI info - done
[0.338s] -- Check for working C compiler: /usr/bin/cc - skipped
[0.338s] -- Detecting C compile features
[0.339s] -- Detecting C compile features - done
[0.347s] -- Detecting CXX compiler ABI info
[0.441s] -- Detecting CXX compiler ABI info - done
[0.450s] -- Check for working CXX compiler: /usr/bin/c++ - skipped
[0.450s] -- Detecting CXX compile features
[0.450s] -- Detecting CXX compile features - done
[0.458s] -- Found ament_cmake: 2.5.6 (/opt/ros/jazzy/share/ament_cmake/cmake)
[0.603s] -- Found Python3: /usr/bin/python3 (found version "3.12.3") found components: Interpreter 
[0.666s] -- Override CMake install command with custom implementation using symlinks instead of copying resources
[0.710s] -- Found ament_lint_auto: 0.17.5 (/opt/ros/jazzy/share/ament_lint_auto/cmake)
[0.800s] -- Added test 'flake8' to check Python code syntax and style conventions
[0.800s] -- Configured 'flake8' exclude dirs and/or files: 
[0.800s] -- Added test 'lint_cmake' to check CMake code style
[0.801s] -- Added test 'pep257' to check Python code against some of the docstring style conventions in PEP 257
[0.802s] -- Added test 'xmllint' to check XML markup files
[0.804s] -- Configuring done (0.8s)
[0.806s] -- Generating done (0.0s)
[0.807s] -- Build files have been written to: /home/alicia/rbrz_ws/build/smorphi_description
[0.812s] Invoked command in '/home/alicia/rbrz_ws/build/smorphi_description' returned '0': CMAKE_PREFIX_PATH=${CMAKE_PREFIX_PATH}:/home/alicia/ros2_ws/install/simple_service:/home/alicia/ros2_ws/install/autonomous_smorphi:/opt/ros/jazzy DEBUGINFOD_URLS=https://debuginfod.ubuntu.com /usr/bin/cmake /home/alicia/rbrz_ws/src/smorphi_description -DAMENT_CMAKE_SYMLINK_INSTALL=1 -DCMAKE_INSTALL_PREFIX=/home/alicia/rbrz_ws/install/smorphi_description
[0.813s] Invoking command in '/home/alicia/rbrz_ws/build/smorphi_description': CMAKE_PREFIX_PATH=${CMAKE_PREFIX_PATH}:/home/alicia/ros2_ws/install/simple_service:/home/alicia/ros2_ws/install/autonomous_smorphi:/opt/ros/jazzy DEBUGINFOD_URLS=https://debuginfod.ubuntu.com /usr/bin/cmake --build /home/alicia/rbrz_ws/build/smorphi_description -- -j8 -l8
[0.841s] Invoked command in '/home/alicia/rbrz_ws/build/smorphi_description' returned '0': CMAKE_PREFIX_PATH=${CMAKE_PREFIX_PATH}:/home/alicia/ros2_ws/install/simple_service:/home/alicia/ros2_ws/install/autonomous_smorphi:/opt/ros/jazzy DEBUGINFOD_URLS=https://debuginfod.ubuntu.com /usr/bin/cmake --build /home/alicia/rbrz_ws/build/smorphi_description -- -j8 -l8
[0.849s] Invoking command in '/home/alicia/rbrz_ws/build/smorphi_description': CMAKE_PREFIX_PATH=${CMAKE_PREFIX_PATH}:/home/alicia/ros2_ws/install/simple_service:/home/alicia/ros2_ws/install/autonomous_smorphi:/opt/ros/jazzy DEBUGINFOD_URLS=https://debuginfod.ubuntu.com /usr/bin/cmake --install /home/alicia/rbrz_ws/build/smorphi_description
[0.855s] -- Install configuration: ""
[0.855s] -- Execute custom install script
[0.855s] -- Symlinking: /home/alicia/rbrz_ws/install/smorphi_description/share/smorphi_description/urdf/smorphi.urdf
[0.864s] -- Symlinking: /home/alicia/rbrz_ws/install/smorphi_description/share/smorphi_description/meshes/body.stl
[0.870s] -- Symlinking: /home/alicia/rbrz_ws/install/smorphi_description/share/smorphi_description/meshes/wheel_fl.stl
[0.877s] -- Symlinking: /home/alicia/rbrz_ws/install/smorphi_description/share/smorphi_description/meshes/wheel_fr.stl
[0.884s] -- Symlinking: /home/alicia/rbrz_ws/install/smorphi_description/share/smorphi_description/meshes/wheel_rl.stl
[0.893s] -- Symlinking: /home/alicia/rbrz_ws/install/smorphi_description/share/smorphi_description/meshes/wheel_rr.stl
[0.901s] -- Symlinking: /home/alicia/rbrz_ws/install/smorphi_description/share/smorphi_description/launch/display.launch.py
[0.912s] -- Symlinking: /home/alicia/rbrz_ws/install/smorphi_description/share/smorphi_description/launch/gazebo.launch.py
[0.920s] -- Symlinking: /home/alicia/rbrz_ws/install/smorphi_description/share/ament_index/resource_index/package_run_dependencies/smorphi_description
[0.928s] -- Symlinking: /home/alicia/rbrz_ws/install/smorphi_description/share/ament_index/resource_index/parent_prefix_path/smorphi_description
[0.937s] -- Symlinking: /home/alicia/rbrz_ws/install/smorphi_description/share/smorphi_description/environment/ament_prefix_path.sh
[0.943s] -- Symlinking: /home/alicia/rbrz_ws/install/smorphi_description/share/smorphi_description/environment/ament_prefix_path.dsv
[0.949s] -- Symlinking: /home/alicia/rbrz_ws/install/smorphi_description/share/smorphi_description/environment/path.sh
[0.956s] -- Symlinking: /home/alicia/rbrz_ws/install/smorphi_description/share/smorphi_description/environment/path.dsv
[0.963s] -- Symlinking: /home/alicia/rbrz_ws/install/smorphi_description/share/smorphi_description/local_setup.bash
[0.971s] -- Symlinking: /home/alicia/rbrz_ws/install/smorphi_description/share/smorphi_description/local_setup.sh
[0.978s] -- Symlinking: /home/alicia/rbrz_ws/install/smorphi_description/share/smorphi_description/local_setup.zsh
[0.986s] -- Symlinking: /home/alicia/rbrz_ws/install/smorphi_description/share/smorphi_description/local_setup.dsv
[0.994s] -- Symlinking: /home/alicia/rbrz_ws/install/smorphi_description/share/smorphi_description/package.dsv
[1.000s] -- Symlinking: /home/alicia/rbrz_ws/install/smorphi_description/share/ament_index/resource_index/packages/smorphi_description
[1.009s] -- Symlinking: /home/alicia/rbrz_ws/install/smorphi_description/share/smorphi_description/cmake/smorphi_descriptionConfig.cmake
[1.018s] -- Symlinking: /home/alicia/rbrz_ws/install/smorphi_description/share/smorphi_description/cmake/smorphi_descriptionConfig-version.cmake
[1.025s] -- Symlinking: /home/alicia/rbrz_ws/install/smorphi_description/share/smorphi_description/package.xml
[1.033s] Invoked command in '/home/alicia/rbrz_ws/build/smorphi_description' returned '0': CMAKE_PREFIX_PATH=${CMAKE_PREFIX_PATH}:/home/alicia/ros2_ws/install/simple_service:/home/alicia/ros2_ws/install/autonomous_smorphi:/opt/ros/jazzy DEBUGINFOD_URLS=https://debuginfod.ubuntu.com /usr/bin/cmake --install /home/alicia/rbrz_ws/build/smorphi_description
