[0.587s] Invoking command in '/home/alicia/rbrz_ws/src/smorphi_control': DEBUGINFOD_URLS=https://debuginfod.ubuntu.com PYTHONPATH=/home/alicia/rbrz_ws/src/smorphi_control/build/smorphi_control/prefix_override:/usr/lib/python3/dist-packages/colcon_core/task/python/colcon_distutils_commands:/home/alicia/rbrz_ws/src/smorphi_control/install/smorphi_control/lib/python3.12/site-packages:${PYTHONPATH} /usr/bin/python3 -W ignore:setup.py install is deprecated -W ignore:easy_install command is deprecated setup.py egg_info --egg-base build/smorphi_control build --build-base /home/alicia/rbrz_ws/src/smorphi_control/build/smorphi_control/build install --record /home/alicia/rbrz_ws/src/smorphi_control/build/smorphi_control/install.log --single-version-externally-managed install_data
[0.788s] running egg_info
[0.788s] creating build/smorphi_control/smorphi_control.egg-info
[0.800s] writing build/smorphi_control/smorphi_control.egg-info/PKG-INFO
[0.800s] writing dependency_links to build/smorphi_control/smorphi_control.egg-info/dependency_links.txt
[0.800s] writing entry points to build/smorphi_control/smorphi_control.egg-info/entry_points.txt
[0.800s] writing requirements to build/smorphi_control/smorphi_control.egg-info/requires.txt
[0.800s] writing top-level names to build/smorphi_control/smorphi_control.egg-info/top_level.txt
[0.800s] writing manifest file 'build/smorphi_control/smorphi_control.egg-info/SOURCES.txt'
[0.827s] reading manifest file 'build/smorphi_control/smorphi_control.egg-info/SOURCES.txt'
[0.827s] writing manifest file 'build/smorphi_control/smorphi_control.egg-info/SOURCES.txt'
[0.827s] running build
[0.828s] running build_py
[0.828s] creating /home/alicia/rbrz_ws/src/smorphi_control/build/smorphi_control/build
[0.828s] creating /home/alicia/rbrz_ws/src/smorphi_control/build/smorphi_control/build/lib
[0.828s] creating /home/alicia/rbrz_ws/src/smorphi_control/build/smorphi_control/build/lib/smorphi_control
[0.828s] copying smorphi_control/__init__.py -> /home/alicia/rbrz_ws/src/smorphi_control/build/smorphi_control/build/lib/smorphi_control
[0.828s] copying smorphi_control/line_following.py -> /home/alicia/rbrz_ws/src/smorphi_control/build/smorphi_control/build/lib/smorphi_control
[0.828s] copying smorphi_control/obstacle_avoidance.py -> /home/alicia/rbrz_ws/src/smorphi_control/build/smorphi_control/build/lib/smorphi_control
[0.828s] copying smorphi_control/decision_node.py -> /home/alicia/rbrz_ws/src/smorphi_control/build/smorphi_control/build/lib/smorphi_control
[0.828s] running install
[0.833s] running install_lib
[0.845s] creating /home/alicia/rbrz_ws/src/smorphi_control/install/smorphi_control/lib/python3.12/site-packages/smorphi_control
[0.845s] copying /home/alicia/rbrz_ws/src/smorphi_control/build/smorphi_control/build/lib/smorphi_control/__init__.py -> /home/alicia/rbrz_ws/src/smorphi_control/install/smorphi_control/lib/python3.12/site-packages/smorphi_control
[0.846s] copying /home/alicia/rbrz_ws/src/smorphi_control/build/smorphi_control/build/lib/smorphi_control/line_following.py -> /home/alicia/rbrz_ws/src/smorphi_control/install/smorphi_control/lib/python3.12/site-packages/smorphi_control
[0.846s] copying /home/alicia/rbrz_ws/src/smorphi_control/build/smorphi_control/build/lib/smorphi_control/obstacle_avoidance.py -> /home/alicia/rbrz_ws/src/smorphi_control/install/smorphi_control/lib/python3.12/site-packages/smorphi_control
[0.846s] copying /home/alicia/rbrz_ws/src/smorphi_control/build/smorphi_control/build/lib/smorphi_control/decision_node.py -> /home/alicia/rbrz_ws/src/smorphi_control/install/smorphi_control/lib/python3.12/site-packages/smorphi_control
[0.846s] byte-compiling /home/alicia/rbrz_ws/src/smorphi_control/install/smorphi_control/lib/python3.12/site-packages/smorphi_control/__init__.py to __init__.cpython-312.pyc
[0.846s] byte-compiling /home/alicia/rbrz_ws/src/smorphi_control/install/smorphi_control/lib/python3.12/site-packages/smorphi_control/line_following.py to line_following.cpython-312.pyc
[0.847s] byte-compiling /home/alicia/rbrz_ws/src/smorphi_control/install/smorphi_control/lib/python3.12/site-packages/smorphi_control/obstacle_avoidance.py to obstacle_avoidance.cpython-312.pyc
[0.847s] byte-compiling /home/alicia/rbrz_ws/src/smorphi_control/install/smorphi_control/lib/python3.12/site-packages/smorphi_control/decision_node.py to decision_node.cpython-312.pyc
[0.848s] running install_data
[0.848s] creating /home/alicia/rbrz_ws/src/smorphi_control/install/smorphi_control/share/ament_index
[0.848s] creating /home/alicia/rbrz_ws/src/smorphi_control/install/smorphi_control/share/ament_index/resource_index
[0.848s] creating /home/alicia/rbrz_ws/src/smorphi_control/install/smorphi_control/share/ament_index/resource_index/packages
[0.848s] copying resource/smorphi_control -> /home/alicia/rbrz_ws/src/smorphi_control/install/smorphi_control/share/ament_index/resource_index/packages
[0.848s] copying package.xml -> /home/alicia/rbrz_ws/src/smorphi_control/install/smorphi_control/share/smorphi_control
[0.848s] running install_egg_info
[0.862s] Copying build/smorphi_control/smorphi_control.egg-info to /home/alicia/rbrz_ws/src/smorphi_control/install/smorphi_control/lib/python3.12/site-packages/smorphi_control-0.0.0-py3.12.egg-info
[0.862s] running install_scripts
[0.961s] Installing decision_node script to /home/alicia/rbrz_ws/src/smorphi_control/install/smorphi_control/lib/smorphi_control
[0.961s] Installing line_following script to /home/alicia/rbrz_ws/src/smorphi_control/install/smorphi_control/lib/smorphi_control
[0.961s] Installing obstacle_avoidance script to /home/alicia/rbrz_ws/src/smorphi_control/install/smorphi_control/lib/smorphi_control
[0.962s] writing list of installed files to '/home/alicia/rbrz_ws/src/smorphi_control/build/smorphi_control/install.log'
[0.991s] Invoked command in '/home/alicia/rbrz_ws/src/smorphi_control' returned '0': DEBUGINFOD_URLS=https://debuginfod.ubuntu.com PYTHONPATH=/home/alicia/rbrz_ws/src/smorphi_control/build/smorphi_control/prefix_override:/usr/lib/python3/dist-packages/colcon_core/task/python/colcon_distutils_commands:/home/alicia/rbrz_ws/src/smorphi_control/install/smorphi_control/lib/python3.12/site-packages:${PYTHONPATH} /usr/bin/python3 -W ignore:setup.py install is deprecated -W ignore:easy_install command is deprecated setup.py egg_info --egg-base build/smorphi_control build --build-base /home/alicia/rbrz_ws/src/smorphi_control/build/smorphi_control/build install --record /home/alicia/rbrz_ws/src/smorphi_control/build/smorphi_control/install.log --single-version-externally-managed install_data
