[0.155s] Invoking command in '/home/alicia/rbrz_ws/build/smorphi_description': CMAKE_PREFIX_PATH=${CMAKE_PREFIX_PATH}:/home/alicia/rbrz_ws/install/smorphi_control:/opt/ros/jazzy DEBUGINFOD_URLS=https://debuginfod.ubuntu.com /usr/bin/cmake --build /home/alicia/rbrz_ws/build/smorphi_description -- -j8 -l8
[0.196s] Invoked command in '/home/alicia/rbrz_ws/build/smorphi_description' returned '0': CMAKE_PREFIX_PATH=${CMAKE_PREFIX_PATH}:/home/alicia/rbrz_ws/install/smorphi_control:/opt/ros/jazzy DEBUGINFOD_URLS=https://debuginfod.ubuntu.com /usr/bin/cmake --build /home/alicia/rbrz_ws/build/smorphi_description -- -j8 -l8
[0.207s] Invoking command in '/home/alicia/rbrz_ws/build/smorphi_description': CMAKE_PREFIX_PATH=${CMAKE_PREFIX_PATH}:/home/alicia/rbrz_ws/install/smorphi_control:/opt/ros/jazzy DEBUGINFOD_URLS=https://debuginfod.ubuntu.com /usr/bin/cmake --install /home/alicia/rbrz_ws/build/smorphi_description
[0.213s] -- Install configuration: ""
[0.213s] -- Execute custom install script
[0.214s] -- Up-to-date symlink: /home/alicia/rbrz_ws/install/smorphi_description/share/smorphi_description/urdf/smorphi.urdf
[0.214s] -- Up-to-date symlink: /home/alicia/rbrz_ws/install/smorphi_description/share/smorphi_description/meshes/body.stl
[0.214s] -- Up-to-date symlink: /home/alicia/rbrz_ws/install/smorphi_description/share/smorphi_description/meshes/wheel_fl.stl
[0.214s] -- Up-to-date symlink: /home/alicia/rbrz_ws/install/smorphi_description/share/smorphi_description/meshes/wheel_fr.stl
[0.214s] -- Up-to-date symlink: /home/alicia/rbrz_ws/install/smorphi_description/share/smorphi_description/meshes/wheel_rl.stl
[0.214s] -- Up-to-date symlink: /home/alicia/rbrz_ws/install/smorphi_description/share/smorphi_description/meshes/wheel_rr.stl
[0.215s] -- Up-to-date symlink: /home/alicia/rbrz_ws/install/smorphi_description/share/smorphi_description/launch/display.launch.py
[0.215s] -- Up-to-date symlink: /home/alicia/rbrz_ws/install/smorphi_description/share/smorphi_description/launch/gazebo.launch.py
[0.215s] -- Up-to-date symlink: /home/alicia/rbrz_ws/install/smorphi_description/share/smorphi_description/launch/spawn_line.launch.py
[0.215s] -- Up-to-date symlink: /home/alicia/rbrz_ws/install/smorphi_description/share/ament_index/resource_index/package_run_dependencies/smorphi_description
[0.216s] -- Up-to-date symlink: /home/alicia/rbrz_ws/install/smorphi_description/share/ament_index/resource_index/parent_prefix_path/smorphi_description
[0.216s] -- Up-to-date symlink: /home/alicia/rbrz_ws/install/smorphi_description/share/smorphi_description/environment/ament_prefix_path.sh
[0.216s] -- Up-to-date symlink: /home/alicia/rbrz_ws/install/smorphi_description/share/smorphi_description/environment/ament_prefix_path.dsv
[0.216s] -- Up-to-date symlink: /home/alicia/rbrz_ws/install/smorphi_description/share/smorphi_description/environment/path.sh
[0.217s] -- Up-to-date symlink: /home/alicia/rbrz_ws/install/smorphi_description/share/smorphi_description/environment/path.dsv
[0.217s] -- Up-to-date symlink: /home/alicia/rbrz_ws/install/smorphi_description/share/smorphi_description/local_setup.bash
[0.217s] -- Up-to-date symlink: /home/alicia/rbrz_ws/install/smorphi_description/share/smorphi_description/local_setup.sh
[0.217s] -- Up-to-date symlink: /home/alicia/rbrz_ws/install/smorphi_description/share/smorphi_description/local_setup.zsh
[0.218s] -- Up-to-date symlink: /home/alicia/rbrz_ws/install/smorphi_description/share/smorphi_description/local_setup.dsv
[0.218s] -- Symlinking: /home/alicia/rbrz_ws/install/smorphi_description/share/smorphi_description/package.dsv
[0.228s] -- Up-to-date symlink: /home/alicia/rbrz_ws/install/smorphi_description/share/ament_index/resource_index/packages/smorphi_description
[0.229s] -- Up-to-date symlink: /home/alicia/rbrz_ws/install/smorphi_description/share/smorphi_description/cmake/smorphi_descriptionConfig.cmake
[0.229s] -- Up-to-date symlink: /home/alicia/rbrz_ws/install/smorphi_description/share/smorphi_description/cmake/smorphi_descriptionConfig-version.cmake
[0.229s] -- Up-to-date symlink: /home/alicia/rbrz_ws/install/smorphi_description/share/smorphi_description/package.xml
[0.232s] Invoked command in '/home/alicia/rbrz_ws/build/smorphi_description' returned '0': CMAKE_PREFIX_PATH=${CMAKE_PREFIX_PATH}:/home/alicia/rbrz_ws/install/smorphi_control:/opt/ros/jazzy DEBUGINFOD_URLS=https://debuginfod.ubuntu.com /usr/bin/cmake --install /home/alicia/rbrz_ws/build/smorphi_description
