[0.193s] Invoking command in '/home/alicia/rbrz_ws/build/smorphi_description': CMAKE_PREFIX_PATH=${CMAKE_PREFIX_PATH}:/home/alicia/rbrz_ws/install/smorphi_control:/opt/ros/jazzy DEBUGINFOD_URLS=https://debuginfod.ubuntu.com /usr/bin/cmake /home/alicia/rbrz_ws/src/smorphi_description -DCMAKE_INSTALL_PREFIX=/home/alicia/rbrz_ws/install/smorphi_description
[0.238s] -- Found ament_cmake: 2.5.6 (/opt/ros/jazzy/share/ament_cmake/cmake)
[0.504s] -- Override CMake install command with custom implementation using symlinks instead of copying resources
[0.522s] -- Found ament_lint_auto: 0.17.5 (/opt/ros/jazzy/share/ament_lint_auto/cmake)
[0.622s] -- Added test 'flake8' to check Python code syntax and style conventions
[0.622s] -- Configured 'flake8' exclude dirs and/or files: 
[0.622s] -- Added test 'lint_cmake' to check CMake code style
[0.622s] -- Added test 'pep257' to check Python code against some of the docstring style conventions in PEP 257
[0.623s] -- Added test 'xmllint' to check XML markup files
[0.625s] -- Configuring done (0.4s)
[0.632s] -- Generating done (0.0s)
[0.633s] -- Build files have been written to: /home/alicia/rbrz_ws/build/smorphi_description
[0.637s] Invoked command in '/home/alicia/rbrz_ws/build/smorphi_description' returned '0': CMAKE_PREFIX_PATH=${CMAKE_PREFIX_PATH}:/home/alicia/rbrz_ws/install/smorphi_control:/opt/ros/jazzy DEBUGINFOD_URLS=https://debuginfod.ubuntu.com /usr/bin/cmake /home/alicia/rbrz_ws/src/smorphi_description -DCMAKE_INSTALL_PREFIX=/home/alicia/rbrz_ws/install/smorphi_description
[0.638s] Invoking command in '/home/alicia/rbrz_ws/build/smorphi_description': CMAKE_PREFIX_PATH=${CMAKE_PREFIX_PATH}:/home/alicia/rbrz_ws/install/smorphi_control:/opt/ros/jazzy DEBUGINFOD_URLS=https://debuginfod.ubuntu.com /usr/bin/cmake --build /home/alicia/rbrz_ws/build/smorphi_description -- -j8 -l8
[0.685s] Invoked command in '/home/alicia/rbrz_ws/build/smorphi_description' returned '0': CMAKE_PREFIX_PATH=${CMAKE_PREFIX_PATH}:/home/alicia/rbrz_ws/install/smorphi_control:/opt/ros/jazzy DEBUGINFOD_URLS=https://debuginfod.ubuntu.com /usr/bin/cmake --build /home/alicia/rbrz_ws/build/smorphi_description -- -j8 -l8
[0.697s] Invoking command in '/home/alicia/rbrz_ws/build/smorphi_description': CMAKE_PREFIX_PATH=${CMAKE_PREFIX_PATH}:/home/alicia/rbrz_ws/install/smorphi_control:/opt/ros/jazzy DEBUGINFOD_URLS=https://debuginfod.ubuntu.com /usr/bin/cmake --install /home/alicia/rbrz_ws/build/smorphi_description
[0.707s] -- Install configuration: ""
[0.707s] -- Execute custom install script
[0.708s] -- Up-to-date symlink: /home/alicia/rbrz_ws/install/smorphi_description/share/smorphi_description/urdf/smorphi.urdf
[0.708s] -- Up-to-date symlink: /home/alicia/rbrz_ws/install/smorphi_description/share/smorphi_description/meshes/body.stl
[0.708s] -- Up-to-date symlink: /home/alicia/rbrz_ws/install/smorphi_description/share/smorphi_description/meshes/wheel_fl.stl
[0.708s] -- Up-to-date symlink: /home/alicia/rbrz_ws/install/smorphi_description/share/smorphi_description/meshes/wheel_fr.stl
[0.708s] -- Up-to-date symlink: /home/alicia/rbrz_ws/install/smorphi_description/share/smorphi_description/meshes/wheel_rl.stl
[0.709s] -- Up-to-date symlink: /home/alicia/rbrz_ws/install/smorphi_description/share/smorphi_description/meshes/wheel_rr.stl
[0.709s] -- Up-to-date symlink: /home/alicia/rbrz_ws/install/smorphi_description/share/smorphi_description/launch/display.launch.py
[0.709s] -- Up-to-date symlink: /home/alicia/rbrz_ws/install/smorphi_description/share/smorphi_description/launch/gazebo.launch.py
[0.710s] -- Up-to-date symlink: /home/alicia/rbrz_ws/install/smorphi_description/share/smorphi_description/launch/spawn_line.launch.py
[0.711s] -- Up-to-date symlink: /home/alicia/rbrz_ws/install/smorphi_description/share/ament_index/resource_index/package_run_dependencies/smorphi_description
[0.711s] -- Up-to-date symlink: /home/alicia/rbrz_ws/install/smorphi_description/share/ament_index/resource_index/parent_prefix_path/smorphi_description
[0.711s] -- Up-to-date symlink: /home/alicia/rbrz_ws/install/smorphi_description/share/smorphi_description/environment/ament_prefix_path.sh
[0.712s] -- Up-to-date symlink: /home/alicia/rbrz_ws/install/smorphi_description/share/smorphi_description/environment/ament_prefix_path.dsv
[0.712s] -- Up-to-date symlink: /home/alicia/rbrz_ws/install/smorphi_description/share/smorphi_description/environment/path.sh
[0.712s] -- Up-to-date symlink: /home/alicia/rbrz_ws/install/smorphi_description/share/smorphi_description/environment/path.dsv
[0.712s] -- Up-to-date symlink: /home/alicia/rbrz_ws/install/smorphi_description/share/smorphi_description/local_setup.bash
[0.712s] -- Up-to-date symlink: /home/alicia/rbrz_ws/install/smorphi_description/share/smorphi_description/local_setup.sh
[0.712s] -- Up-to-date symlink: /home/alicia/rbrz_ws/install/smorphi_description/share/smorphi_description/local_setup.zsh
[0.712s] -- Up-to-date symlink: /home/alicia/rbrz_ws/install/smorphi_description/share/smorphi_description/local_setup.dsv
[0.712s] -- Symlinking: /home/alicia/rbrz_ws/install/smorphi_description/share/smorphi_description/package.dsv
[0.724s] -- Up-to-date symlink: /home/alicia/rbrz_ws/install/smorphi_description/share/ament_index/resource_index/packages/smorphi_description
[0.724s] -- Up-to-date symlink: /home/alicia/rbrz_ws/install/smorphi_description/share/smorphi_description/cmake/smorphi_descriptionConfig.cmake
[0.724s] -- Up-to-date symlink: /home/alicia/rbrz_ws/install/smorphi_description/share/smorphi_description/cmake/smorphi_descriptionConfig-version.cmake
[0.724s] -- Up-to-date symlink: /home/alicia/rbrz_ws/install/smorphi_description/share/smorphi_description/package.xml
[0.728s] Invoked command in '/home/alicia/rbrz_ws/build/smorphi_description' returned '0': CMAKE_PREFIX_PATH=${CMAKE_PREFIX_PATH}:/home/alicia/rbrz_ws/install/smorphi_control:/opt/ros/jazzy DEBUGINFOD_URLS=https://debuginfod.ubuntu.com /usr/bin/cmake --install /home/alicia/rbrz_ws/build/smorphi_description
