[0.889s] Invoking command in '/home/alicia/rbrz_ws/build/smorphi_control': DEBUGINFOD_URLS=https://debuginfod.ubuntu.com PYTHONPATH=/home/alicia/rbrz_ws/build/smorphi_control/prefix_override:/usr/lib/python3/dist-packages/colcon_core/task/python/colcon_distutils_commands:/home/alicia/rbrz_ws/install/smorphi_control/lib/python3.12/site-packages:${PYTHONPATH} /usr/bin/python3 -W ignore:setup.py install is deprecated -W ignore:easy_install command is deprecated setup.py develop --uninstall --editable --build-directory /home/alicia/rbrz_ws/build/smorphi_control/build
[1.167s] running develop
[1.307s] Removing /home/alicia/rbrz_ws/install/smorphi_control/lib/python3.12/site-packages/smorphi-control.egg-link (link to .)
[1.344s] Invoked command in '/home/alicia/rbrz_ws/build/smorphi_control' returned '0': DEBUGINFOD_URLS=https://debuginfod.ubuntu.com PYTHONPATH=/home/alicia/rbrz_ws/build/smorphi_control/prefix_override:/usr/lib/python3/dist-packages/colcon_core/task/python/colcon_distutils_commands:/home/alicia/rbrz_ws/install/smorphi_control/lib/python3.12/site-packages:${PYTHONPATH} /usr/bin/python3 -W ignore:setup.py install is deprecated -W ignore:easy_install command is deprecated setup.py develop --uninstall --editable --build-directory /home/alicia/rbrz_ws/build/smorphi_control/build
[1.345s] Invoking command in '/home/alicia/rbrz_ws/src/smorphi_control': DEBUGINFOD_URLS=https://debuginfod.ubuntu.com PYTHONPATH=/home/alicia/rbrz_ws/build/smorphi_control/prefix_override:/usr/lib/python3/dist-packages/colcon_core/task/python/colcon_distutils_commands:/home/alicia/rbrz_ws/install/smorphi_control/lib/python3.12/site-packages:${PYTHONPATH} /usr/bin/python3 -W ignore:setup.py install is deprecated -W ignore:easy_install command is deprecated setup.py egg_info --egg-base ../../build/smorphi_control build --build-base /home/alicia/rbrz_ws/build/smorphi_control/build install --record /home/alicia/rbrz_ws/build/smorphi_control/install.log --single-version-externally-managed install_data --force
[1.561s] running egg_info
[1.577s] writing ../../build/smorphi_control/smorphi_control.egg-info/PKG-INFO
[1.577s] writing dependency_links to ../../build/smorphi_control/smorphi_control.egg-info/dependency_links.txt
[1.577s] writing entry points to ../../build/smorphi_control/smorphi_control.egg-info/entry_points.txt
[1.578s] writing requirements to ../../build/smorphi_control/smorphi_control.egg-info/requires.txt
[1.578s] writing top-level names to ../../build/smorphi_control/smorphi_control.egg-info/top_level.txt
[1.609s] reading manifest file '../../build/smorphi_control/smorphi_control.egg-info/SOURCES.txt'
[1.610s] writing manifest file '../../build/smorphi_control/smorphi_control.egg-info/SOURCES.txt'
[1.610s] running build
[1.610s] running build_py
[1.610s] creating /home/alicia/rbrz_ws/build/smorphi_control/build
[1.610s] creating /home/alicia/rbrz_ws/build/smorphi_control/build/lib
[1.610s] creating /home/alicia/rbrz_ws/build/smorphi_control/build/lib/smorphi_control
[1.611s] copying smorphi_control/__init__.py -> /home/alicia/rbrz_ws/build/smorphi_control/build/lib/smorphi_control
[1.611s] copying smorphi_control/line_following.py -> /home/alicia/rbrz_ws/build/smorphi_control/build/lib/smorphi_control
[1.611s] copying smorphi_control/obstacle_avoidance.py -> /home/alicia/rbrz_ws/build/smorphi_control/build/lib/smorphi_control
[1.611s] copying smorphi_control/decision_node.py -> /home/alicia/rbrz_ws/build/smorphi_control/build/lib/smorphi_control
[1.611s] running install
[1.617s] running install_lib
[1.630s] creating /home/alicia/rbrz_ws/install/smorphi_control/lib/python3.12/site-packages/smorphi_control
[1.630s] copying /home/alicia/rbrz_ws/build/smorphi_control/build/lib/smorphi_control/__init__.py -> /home/alicia/rbrz_ws/install/smorphi_control/lib/python3.12/site-packages/smorphi_control
[1.630s] copying /home/alicia/rbrz_ws/build/smorphi_control/build/lib/smorphi_control/line_following.py -> /home/alicia/rbrz_ws/install/smorphi_control/lib/python3.12/site-packages/smorphi_control
[1.630s] copying /home/alicia/rbrz_ws/build/smorphi_control/build/lib/smorphi_control/obstacle_avoidance.py -> /home/alicia/rbrz_ws/install/smorphi_control/lib/python3.12/site-packages/smorphi_control
[1.630s] copying /home/alicia/rbrz_ws/build/smorphi_control/build/lib/smorphi_control/decision_node.py -> /home/alicia/rbrz_ws/install/smorphi_control/lib/python3.12/site-packages/smorphi_control
[1.631s] byte-compiling /home/alicia/rbrz_ws/install/smorphi_control/lib/python3.12/site-packages/smorphi_control/__init__.py to __init__.cpython-312.pyc
[1.631s] byte-compiling /home/alicia/rbrz_ws/install/smorphi_control/lib/python3.12/site-packages/smorphi_control/line_following.py to line_following.cpython-312.pyc
[1.632s] byte-compiling /home/alicia/rbrz_ws/install/smorphi_control/lib/python3.12/site-packages/smorphi_control/obstacle_avoidance.py to obstacle_avoidance.cpython-312.pyc
[1.633s] byte-compiling /home/alicia/rbrz_ws/install/smorphi_control/lib/python3.12/site-packages/smorphi_control/decision_node.py to decision_node.cpython-312.pyc
[1.633s] running install_data
[1.633s] copying resource/smorphi_control -> /home/alicia/rbrz_ws/install/smorphi_control/share/ament_index/resource_index/packages
[1.633s] copying package.xml -> /home/alicia/rbrz_ws/install/smorphi_control/share/smorphi_control
[1.633s] running install_egg_info
[1.647s] Copying ../../build/smorphi_control/smorphi_control.egg-info to /home/alicia/rbrz_ws/install/smorphi_control/lib/python3.12/site-packages/smorphi_control-0.0.0-py3.12.egg-info
[1.647s] running install_scripts
[1.736s] Installing line_following script to /home/alicia/rbrz_ws/install/smorphi_control/lib/smorphi_control
[1.736s] Installing obstacle_avoidance script to /home/alicia/rbrz_ws/install/smorphi_control/lib/smorphi_control
[1.736s] writing list of installed files to '/home/alicia/rbrz_ws/build/smorphi_control/install.log'
[1.766s] Invoked command in '/home/alicia/rbrz_ws/src/smorphi_control' returned '0': DEBUGINFOD_URLS=https://debuginfod.ubuntu.com PYTHONPATH=/home/alicia/rbrz_ws/build/smorphi_control/prefix_override:/usr/lib/python3/dist-packages/colcon_core/task/python/colcon_distutils_commands:/home/alicia/rbrz_ws/install/smorphi_control/lib/python3.12/site-packages:${PYTHONPATH} /usr/bin/python3 -W ignore:setup.py install is deprecated -W ignore:easy_install command is deprecated setup.py egg_info --egg-base ../../build/smorphi_control build --build-base /home/alicia/rbrz_ws/build/smorphi_control/build install --record /home/alicia/rbrz_ws/build/smorphi_control/install.log --single-version-externally-managed install_data --force
