/home/alicia/rbrz_ws/src/smorphi_control/install/smorphi_control/lib/python3.12/site-packages/smorphi_control/__init__.py
/home/alicia/rbrz_ws/src/smorphi_control/install/smorphi_control/lib/python3.12/site-packages/smorphi_control/line_following.py
/home/alicia/rbrz_ws/src/smorphi_control/install/smorphi_control/lib/python3.12/site-packages/smorphi_control/obstacle_avoidance.py
/home/alicia/rbrz_ws/src/smorphi_control/install/smorphi_control/lib/python3.12/site-packages/smorphi_control/decision_node.py
/home/alicia/rbrz_ws/src/smorphi_control/install/smorphi_control/lib/python3.12/site-packages/smorphi_control/__pycache__/__init__.cpython-312.pyc
/home/alicia/rbrz_ws/src/smorphi_control/install/smorphi_control/lib/python3.12/site-packages/smorphi_control/__pycache__/line_following.cpython-312.pyc
/home/alicia/rbrz_ws/src/smorphi_control/install/smorphi_control/lib/python3.12/site-packages/smorphi_control/__pycache__/obstacle_avoidance.cpython-312.pyc
/home/alicia/rbrz_ws/src/smorphi_control/install/smorphi_control/lib/python3.12/site-packages/smorphi_control/__pycache__/decision_node.cpython-312.pyc
/home/alicia/rbrz_ws/src/smorphi_control/install/smorphi_control/share/ament_index/resource_index/packages/smorphi_control
/home/alicia/rbrz_ws/src/smorphi_control/install/smorphi_control/share/smorphi_control/package.xml
/home/alicia/rbrz_ws/src/smorphi_control/install/smorphi_control/lib/python3.12/site-packages/smorphi_control-0.0.0-py3.12.egg-info/top_level.txt
/home/alicia/rbrz_ws/src/smorphi_control/install/smorphi_control/lib/python3.12/site-packages/smorphi_control-0.0.0-py3.12.egg-info/SOURCES.txt
/home/alicia/rbrz_ws/src/smorphi_control/install/smorphi_control/lib/python3.12/site-packages/smorphi_control-0.0.0-py3.12.egg-info/requires.txt
/home/alicia/rbrz_ws/src/smorphi_control/install/smorphi_control/lib/python3.12/site-packages/smorphi_control-0.0.0-py3.12.egg-info/dependency_links.txt
/home/alicia/rbrz_ws/src/smorphi_control/install/smorphi_control/lib/python3.12/site-packages/smorphi_control-0.0.0-py3.12.egg-info/PKG-INFO
/home/alicia/rbrz_ws/src/smorphi_control/install/smorphi_control/lib/python3.12/site-packages/smorphi_control-0.0.0-py3.12.egg-info/zip-safe
/home/alicia/rbrz_ws/src/smorphi_control/install/smorphi_control/lib/python3.12/site-packages/smorphi_control-0.0.0-py3.12.egg-info/entry_points.txt
/home/alicia/rbrz_ws/src/smorphi_control/install/smorphi_control/lib/smorphi_control/decision_node
/home/alicia/rbrz_ws/src/smorphi_control/install/smorphi_control/lib/smorphi_control/line_following
/home/alicia/rbrz_ws/src/smorphi_control/install/smorphi_control/lib/smorphi_control/obstacle_avoidance
