[0.070s] DEBUG:colcon:Command line arguments: ['/usr/bin/colcon', 'build', '--symlink-install']
[0.070s] DEBUG:colcon:Parsed command line arguments: Namespace(log_base=None, log_level=None, verb_name='build', build_base='build', install_base='install', merge_install=False, symlink_install=True, test_result_base=None, continue_on_error=False, executor='parallel', parallel_workers=8, event_handlers=None, ignore_user_meta=False, metas=['./colcon.meta'], base_paths=['.'], packages_ignore=None, packages_ignore_regex=None, paths=None, packages_up_to=None, packages_up_to_regex=None, packages_above=None, packages_above_and_dependencies=None, packages_above_depth=None, packages_select_by_dep=None, packages_skip_by_dep=None, packages_skip_up_to=None, packages_select_build_failed=False, packages_skip_build_finished=False, packages_select_test_failures=False, packages_skip_test_passed=False, packages_select=None, packages_skip=None, packages_select_regex=None, packages_skip_regex=None, packages_start=None, packages_end=None, cmake_args=None, cmake_target=None, cmake_target_skip_unavailable=False, cmake_clean_cache=False, cmake_clean_first=False, cmake_force_configure=False, ament_cmake_args=None, catkin_cmake_args=None, catkin_skip_building_tests=False, verb_parser=<colcon_defaults.argument_parser.defaults.DefaultArgumentsDecorator object at 0x715b24bf16a0>, verb_extension=<colcon_core.verb.build.BuildVerb object at 0x715b24d51820>, main=<bound method BuildVerb.main of <colcon_core.verb.build.BuildVerb object at 0x715b24d51820>>)
[0.095s] Level 1:colcon.colcon_core.package_discovery:discover_packages(colcon_meta) check parameters
[0.095s] Level 1:colcon.colcon_core.package_discovery:discover_packages(recursive) check parameters
[0.095s] Level 1:colcon.colcon_core.package_discovery:discover_packages(ignore) check parameters
[0.095s] Level 1:colcon.colcon_core.package_discovery:discover_packages(path) check parameters
[0.095s] Level 1:colcon.colcon_core.package_discovery:discover_packages(colcon_meta) discover
[0.095s] Level 1:colcon.colcon_core.package_discovery:discover_packages(recursive) discover
[0.095s] INFO:colcon.colcon_core.package_discovery:Crawling recursively for packages in '/home/alicia/rbrz_ws'
[0.095s] Level 1:colcon.colcon_core.package_identification:_identify(.) by extensions ['ignore', 'ignore_ament_install']
[0.095s] Level 1:colcon.colcon_core.package_identification:_identify(.) by extension 'ignore'
[0.095s] Level 1:colcon.colcon_core.package_identification:_identify(.) by extension 'ignore_ament_install'
[0.095s] Level 1:colcon.colcon_core.package_identification:_identify(.) by extensions ['colcon_pkg']
[0.095s] Level 1:colcon.colcon_core.package_identification:_identify(.) by extension 'colcon_pkg'
[0.095s] Level 1:colcon.colcon_core.package_identification:_identify(.) by extensions ['colcon_meta']
[0.095s] Level 1:colcon.colcon_core.package_identification:_identify(.) by extension 'colcon_meta'
[0.095s] Level 1:colcon.colcon_core.package_identification:_identify(.) by extensions ['ros']
[0.095s] Level 1:colcon.colcon_core.package_identification:_identify(.) by extension 'ros'
[0.112s] Level 1:colcon.colcon_core.package_identification:_identify(.) by extensions ['cmake', 'python']
[0.112s] Level 1:colcon.colcon_core.package_identification:_identify(.) by extension 'cmake'
[0.112s] Level 1:colcon.colcon_core.package_identification:_identify(.) by extension 'python'
[0.112s] Level 1:colcon.colcon_core.package_identification:_identify(.) by extensions ['python_setup_py']
[0.112s] Level 1:colcon.colcon_core.package_identification:_identify(.) by extension 'python_setup_py'
[0.113s] Level 1:colcon.colcon_core.package_identification:_identify(build) by extensions ['ignore', 'ignore_ament_install']
[0.113s] Level 1:colcon.colcon_core.package_identification:_identify(build) by extension 'ignore'
[0.113s] Level 1:colcon.colcon_core.package_identification:_identify(build) ignored
[0.113s] Level 1:colcon.colcon_core.package_identification:_identify(install) by extensions ['ignore', 'ignore_ament_install']
[0.113s] Level 1:colcon.colcon_core.package_identification:_identify(install) by extension 'ignore'
[0.113s] Level 1:colcon.colcon_core.package_identification:_identify(install) ignored
[0.113s] Level 1:colcon.colcon_core.package_identification:_identify(log) by extensions ['ignore', 'ignore_ament_install']
[0.113s] Level 1:colcon.colcon_core.package_identification:_identify(log) by extension 'ignore'
[0.113s] Level 1:colcon.colcon_core.package_identification:_identify(log) ignored
[0.113s] Level 1:colcon.colcon_core.package_identification:_identify(src) by extensions ['ignore', 'ignore_ament_install']
[0.113s] Level 1:colcon.colcon_core.package_identification:_identify(src) by extension 'ignore'
[0.113s] Level 1:colcon.colcon_core.package_identification:_identify(src) by extension 'ignore_ament_install'
[0.113s] Level 1:colcon.colcon_core.package_identification:_identify(src) by extensions ['colcon_pkg']
[0.113s] Level 1:colcon.colcon_core.package_identification:_identify(src) by extension 'colcon_pkg'
[0.113s] Level 1:colcon.colcon_core.package_identification:_identify(src) by extensions ['colcon_meta']
[0.113s] Level 1:colcon.colcon_core.package_identification:_identify(src) by extension 'colcon_meta'
[0.113s] Level 1:colcon.colcon_core.package_identification:_identify(src) by extensions ['ros']
[0.113s] Level 1:colcon.colcon_core.package_identification:_identify(src) by extension 'ros'
[0.113s] Level 1:colcon.colcon_core.package_identification:_identify(src) by extensions ['cmake', 'python']
[0.113s] Level 1:colcon.colcon_core.package_identification:_identify(src) by extension 'cmake'
[0.113s] Level 1:colcon.colcon_core.package_identification:_identify(src) by extension 'python'
[0.113s] Level 1:colcon.colcon_core.package_identification:_identify(src) by extensions ['python_setup_py']
[0.113s] Level 1:colcon.colcon_core.package_identification:_identify(src) by extension 'python_setup_py'
[0.113s] Level 1:colcon.colcon_core.package_identification:_identify(src/smorphi_control) by extensions ['ignore', 'ignore_ament_install']
[0.113s] Level 1:colcon.colcon_core.package_identification:_identify(src/smorphi_control) by extension 'ignore'
[0.113s] Level 1:colcon.colcon_core.package_identification:_identify(src/smorphi_control) by extension 'ignore_ament_install'
[0.113s] Level 1:colcon.colcon_core.package_identification:_identify(src/smorphi_control) by extensions ['colcon_pkg']
[0.113s] Level 1:colcon.colcon_core.package_identification:_identify(src/smorphi_control) by extension 'colcon_pkg'
[0.113s] Level 1:colcon.colcon_core.package_identification:_identify(src/smorphi_control) by extensions ['colcon_meta']
[0.113s] Level 1:colcon.colcon_core.package_identification:_identify(src/smorphi_control) by extension 'colcon_meta'
[0.113s] Level 1:colcon.colcon_core.package_identification:_identify(src/smorphi_control) by extensions ['ros']
[0.114s] Level 1:colcon.colcon_core.package_identification:_identify(src/smorphi_control) by extension 'ros'
[0.116s] DEBUG:colcon.colcon_core.package_identification:Package 'src/smorphi_control' with type 'ros.ament_python' and name 'smorphi_control'
[0.116s] Level 1:colcon.colcon_core.package_identification:_identify(src/smorphi_description) by extensions ['ignore', 'ignore_ament_install']
[0.116s] Level 1:colcon.colcon_core.package_identification:_identify(src/smorphi_description) by extension 'ignore'
[0.116s] Level 1:colcon.colcon_core.package_identification:_identify(src/smorphi_description) by extension 'ignore_ament_install'
[0.116s] Level 1:colcon.colcon_core.package_identification:_identify(src/smorphi_description) by extensions ['colcon_pkg']
[0.116s] Level 1:colcon.colcon_core.package_identification:_identify(src/smorphi_description) by extension 'colcon_pkg'
[0.116s] Level 1:colcon.colcon_core.package_identification:_identify(src/smorphi_description) by extensions ['colcon_meta']
[0.116s] Level 1:colcon.colcon_core.package_identification:_identify(src/smorphi_description) by extension 'colcon_meta'
[0.116s] Level 1:colcon.colcon_core.package_identification:_identify(src/smorphi_description) by extensions ['ros']
[0.116s] Level 1:colcon.colcon_core.package_identification:_identify(src/smorphi_description) by extension 'ros'
[0.116s] DEBUG:colcon.colcon_core.package_identification:Package 'src/smorphi_description' with type 'ros.ament_cmake' and name 'smorphi_description'
[0.116s] Level 1:colcon.colcon_core.package_discovery:discover_packages(recursive) using defaults
[0.116s] Level 1:colcon.colcon_core.package_discovery:discover_packages(ignore) discover
[0.116s] Level 1:colcon.colcon_core.package_discovery:discover_packages(ignore) using defaults
[0.116s] Level 1:colcon.colcon_core.package_discovery:discover_packages(path) discover
[0.116s] Level 1:colcon.colcon_core.package_discovery:discover_packages(path) using defaults
[0.129s] Level 5:colcon.colcon_core.verb:set package 'smorphi_control' build argument 'cmake_args' from command line to 'None'
[0.129s] Level 5:colcon.colcon_core.verb:set package 'smorphi_control' build argument 'cmake_target' from command line to 'None'
[0.129s] Level 5:colcon.colcon_core.verb:set package 'smorphi_control' build argument 'cmake_target_skip_unavailable' from command line to 'False'
[0.129s] Level 5:colcon.colcon_core.verb:set package 'smorphi_control' build argument 'cmake_clean_cache' from command line to 'False'
[0.129s] Level 5:colcon.colcon_core.verb:set package 'smorphi_control' build argument 'cmake_clean_first' from command line to 'False'
[0.129s] Level 5:colcon.colcon_core.verb:set package 'smorphi_control' build argument 'cmake_force_configure' from command line to 'False'
[0.129s] Level 5:colcon.colcon_core.verb:set package 'smorphi_control' build argument 'ament_cmake_args' from command line to 'None'
[0.129s] Level 5:colcon.colcon_core.verb:set package 'smorphi_control' build argument 'catkin_cmake_args' from command line to 'None'
[0.129s] Level 5:colcon.colcon_core.verb:set package 'smorphi_control' build argument 'catkin_skip_building_tests' from command line to 'False'
[0.129s] DEBUG:colcon.colcon_core.verb:Building package 'smorphi_control' with the following arguments: {'ament_cmake_args': None, 'build_base': '/home/alicia/rbrz_ws/build/smorphi_control', 'catkin_cmake_args': None, 'catkin_skip_building_tests': False, 'cmake_args': None, 'cmake_clean_cache': False, 'cmake_clean_first': False, 'cmake_force_configure': False, 'cmake_target': None, 'cmake_target_skip_unavailable': False, 'install_base': '/home/alicia/rbrz_ws/install/smorphi_control', 'merge_install': False, 'path': '/home/alicia/rbrz_ws/src/smorphi_control', 'symlink_install': True, 'test_result_base': None}
[0.129s] Level 5:colcon.colcon_core.verb:set package 'smorphi_description' build argument 'cmake_args' from command line to 'None'
[0.129s] Level 5:colcon.colcon_core.verb:set package 'smorphi_description' build argument 'cmake_target' from command line to 'None'
[0.129s] Level 5:colcon.colcon_core.verb:set package 'smorphi_description' build argument 'cmake_target_skip_unavailable' from command line to 'False'
[0.129s] Level 5:colcon.colcon_core.verb:set package 'smorphi_description' build argument 'cmake_clean_cache' from command line to 'False'
[0.129s] Level 5:colcon.colcon_core.verb:set package 'smorphi_description' build argument 'cmake_clean_first' from command line to 'False'
[0.129s] Level 5:colcon.colcon_core.verb:set package 'smorphi_description' build argument 'cmake_force_configure' from command line to 'False'
[0.129s] Level 5:colcon.colcon_core.verb:set package 'smorphi_description' build argument 'ament_cmake_args' from command line to 'None'
[0.129s] Level 5:colcon.colcon_core.verb:set package 'smorphi_description' build argument 'catkin_cmake_args' from command line to 'None'
[0.129s] Level 5:colcon.colcon_core.verb:set package 'smorphi_description' build argument 'catkin_skip_building_tests' from command line to 'False'
[0.129s] DEBUG:colcon.colcon_core.verb:Building package 'smorphi_description' with the following arguments: {'ament_cmake_args': None, 'build_base': '/home/alicia/rbrz_ws/build/smorphi_description', 'catkin_cmake_args': None, 'catkin_skip_building_tests': False, 'cmake_args': None, 'cmake_clean_cache': False, 'cmake_clean_first': False, 'cmake_force_configure': False, 'cmake_target': None, 'cmake_target_skip_unavailable': False, 'install_base': '/home/alicia/rbrz_ws/install/smorphi_description', 'merge_install': False, 'path': '/home/alicia/rbrz_ws/src/smorphi_description', 'symlink_install': True, 'test_result_base': None}
[0.129s] INFO:colcon.colcon_core.executor:Executing jobs using 'parallel' executor
[0.130s] DEBUG:colcon.colcon_parallel_executor.executor.parallel:run_until_complete
[0.130s] INFO:colcon.colcon_ros.task.ament_python.build:Building ROS package in '/home/alicia/rbrz_ws/src/smorphi_control' with build type 'ament_python'
[0.130s] Level 1:colcon.colcon_core.shell:create_environment_hook('smorphi_control', 'ament_prefix_path')
[0.132s] INFO:colcon.colcon_core.plugin_system:Skipping extension 'colcon_core.shell.bat': Not used on non-Windows systems
[0.132s] INFO:colcon.colcon_core.shell:Creating environment descriptor '/home/alicia/rbrz_ws/install/smorphi_control/share/smorphi_control/hook/ament_prefix_path.dsv'
[0.132s] INFO:colcon.colcon_core.shell:Creating environment hook '/home/alicia/rbrz_ws/install/smorphi_control/share/smorphi_control/hook/ament_prefix_path.sh'
[0.133s] DEBUG:colcon.colcon_core.shell:Skip shell extension 'dsv' for command environment
[0.136s] INFO:colcon.colcon_ros.task.ament_cmake.build:Building ROS package in '/home/alicia/rbrz_ws/src/smorphi_description' with build type 'ament_cmake'
[0.137s] INFO:colcon.colcon_cmake.task.cmake.build:Building CMake package in '/home/alicia/rbrz_ws/src/smorphi_description'
[0.137s] DEBUG:colcon.colcon_core.shell:Skip shell extension 'dsv' for command environment
[0.292s] INFO:colcon.colcon_core.task.python.build:Building Python package in '/home/alicia/rbrz_ws/src/smorphi_control'
[0.292s] DEBUG:colcon.colcon_core.shell:Skip shell extension 'dsv' for command environment
[0.299s] DEBUG:colcon.colcon_core.event_handler.log_command:Invoking command in '/home/alicia/rbrz_ws/build/smorphi_description': CMAKE_PREFIX_PATH=${CMAKE_PREFIX_PATH}:/home/alicia/rbrz_ws/install/smorphi_control:/opt/ros/jazzy DEBUGINFOD_URLS=https://debuginfod.ubuntu.com /usr/bin/cmake --build /home/alicia/rbrz_ws/build/smorphi_description -- -j8 -l8
[0.341s] DEBUG:colcon.colcon_core.event_handler.log_command:Invoked command in '/home/alicia/rbrz_ws/build/smorphi_description' returned '0': CMAKE_PREFIX_PATH=${CMAKE_PREFIX_PATH}:/home/alicia/rbrz_ws/install/smorphi_control:/opt/ros/jazzy DEBUGINFOD_URLS=https://debuginfod.ubuntu.com /usr/bin/cmake --build /home/alicia/rbrz_ws/build/smorphi_description -- -j8 -l8
[0.350s] DEBUG:colcon.colcon_core.event_handler.log_command:Invoking command in '/home/alicia/rbrz_ws/build/smorphi_description': CMAKE_PREFIX_PATH=${CMAKE_PREFIX_PATH}:/home/alicia/rbrz_ws/install/smorphi_control:/opt/ros/jazzy DEBUGINFOD_URLS=https://debuginfod.ubuntu.com /usr/bin/cmake --install /home/alicia/rbrz_ws/build/smorphi_description
[0.368s] Level 1:colcon.colcon_core.environment:create_environment_scripts_only(smorphi_description)
[0.368s] DEBUG:colcon.colcon_core.event_handler.log_command:Invoked command in '/home/alicia/rbrz_ws/build/smorphi_description' returned '0': CMAKE_PREFIX_PATH=${CMAKE_PREFIX_PATH}:/home/alicia/rbrz_ws/install/smorphi_control:/opt/ros/jazzy DEBUGINFOD_URLS=https://debuginfod.ubuntu.com /usr/bin/cmake --install /home/alicia/rbrz_ws/build/smorphi_description
[0.370s] Level 1:colcon.colcon_core.environment:checking '/home/alicia/rbrz_ws/install/smorphi_description' for CMake module files
[0.370s] Level 1:colcon.colcon_core.environment:checking '/home/alicia/rbrz_ws/install/smorphi_description' for CMake config files
[0.370s] Level 1:colcon.colcon_core.shell:create_environment_hook('smorphi_description', 'cmake_prefix_path')
[0.370s] INFO:colcon.colcon_core.shell:Creating environment descriptor '/home/alicia/rbrz_ws/install/smorphi_description/share/smorphi_description/hook/cmake_prefix_path.dsv'
[0.370s] INFO:colcon.colcon_core.shell:Creating environment hook '/home/alicia/rbrz_ws/install/smorphi_description/share/smorphi_description/hook/cmake_prefix_path.sh'
[0.371s] Level 1:colcon.colcon_core.environment:checking '/home/alicia/rbrz_ws/install/smorphi_description/bin'
[0.371s] Level 1:colcon.colcon_core.environment:checking '/home/alicia/rbrz_ws/install/smorphi_description/lib/pkgconfig/smorphi_description.pc'
[0.372s] Level 1:colcon.colcon_core.environment:checking '/home/alicia/rbrz_ws/install/smorphi_description/lib/python3.12/site-packages'
[0.372s] Level 1:colcon.colcon_core.environment:checking '/home/alicia/rbrz_ws/install/smorphi_description/bin'
[0.372s] INFO:colcon.colcon_core.shell:Creating package descriptor '/home/alicia/rbrz_ws/install/smorphi_description/share/smorphi_description/package.dsv'
[0.373s] INFO:colcon.colcon_core.shell:Creating package script '/home/alicia/rbrz_ws/install/smorphi_description/share/smorphi_description/package.sh'
[0.373s] INFO:colcon.colcon_core.shell:Creating package script '/home/alicia/rbrz_ws/install/smorphi_description/share/smorphi_description/package.bash'
[0.374s] INFO:colcon.colcon_core.shell:Creating package script '/home/alicia/rbrz_ws/install/smorphi_description/share/smorphi_description/package.zsh'
[0.375s] Level 1:colcon.colcon_core.environment:create_file_with_runtime_dependencies(/home/alicia/rbrz_ws/install/smorphi_description/share/colcon-core/packages/smorphi_description)
[0.375s] Level 1:colcon.colcon_core.environment:create_environment_scripts_only(smorphi_description)
[0.375s] Level 1:colcon.colcon_core.environment:checking '/home/alicia/rbrz_ws/install/smorphi_description' for CMake module files
[0.376s] Level 1:colcon.colcon_core.environment:checking '/home/alicia/rbrz_ws/install/smorphi_description' for CMake config files
[0.376s] Level 1:colcon.colcon_core.shell:create_environment_hook('smorphi_description', 'cmake_prefix_path')
[0.376s] INFO:colcon.colcon_core.shell:Creating environment descriptor '/home/alicia/rbrz_ws/install/smorphi_description/share/smorphi_description/hook/cmake_prefix_path.dsv'
[0.377s] INFO:colcon.colcon_core.shell:Creating environment hook '/home/alicia/rbrz_ws/install/smorphi_description/share/smorphi_description/hook/cmake_prefix_path.sh'
[0.377s] Level 1:colcon.colcon_core.environment:checking '/home/alicia/rbrz_ws/install/smorphi_description/bin'
[0.377s] Level 1:colcon.colcon_core.environment:checking '/home/alicia/rbrz_ws/install/smorphi_description/lib/pkgconfig/smorphi_description.pc'
[0.377s] Level 1:colcon.colcon_core.environment:checking '/home/alicia/rbrz_ws/install/smorphi_description/lib/python3.12/site-packages'
[0.378s] Level 1:colcon.colcon_core.environment:checking '/home/alicia/rbrz_ws/install/smorphi_description/bin'
[0.378s] INFO:colcon.colcon_core.shell:Creating package descriptor '/home/alicia/rbrz_ws/install/smorphi_description/share/smorphi_description/package.dsv'
[0.378s] INFO:colcon.colcon_core.shell:Creating package script '/home/alicia/rbrz_ws/install/smorphi_description/share/smorphi_description/package.sh'
[0.379s] INFO:colcon.colcon_core.shell:Creating package script '/home/alicia/rbrz_ws/install/smorphi_description/share/smorphi_description/package.bash'
[0.379s] INFO:colcon.colcon_core.shell:Creating package script '/home/alicia/rbrz_ws/install/smorphi_description/share/smorphi_description/package.zsh'
[0.379s] Level 1:colcon.colcon_core.environment:create_file_with_runtime_dependencies(/home/alicia/rbrz_ws/install/smorphi_description/share/colcon-core/packages/smorphi_description)
[0.706s] DEBUG:colcon.colcon_core.event_handler.log_command:Invoking command in '/home/alicia/rbrz_ws/build/smorphi_control': DEBUGINFOD_URLS=https://debuginfod.ubuntu.com PYTHONPATH=/home/alicia/rbrz_ws/build/smorphi_control/prefix_override:/usr/lib/python3/dist-packages/colcon_core/task/python/colcon_distutils_commands:/home/alicia/rbrz_ws/install/smorphi_control/lib/python3.12/site-packages:${PYTHONPATH} /usr/bin/python3 -W ignore:setup.py install is deprecated -W ignore:easy_install command is deprecated setup.py develop --editable --build-directory /home/alicia/rbrz_ws/build/smorphi_control/build --no-deps symlink_data
[1.115s] Level 1:colcon.colcon_core.shell:create_environment_hook('smorphi_control', 'pythonpath_develop')
[1.116s] INFO:colcon.colcon_core.shell:Creating environment descriptor '/home/alicia/rbrz_ws/build/smorphi_control/share/smorphi_control/hook/pythonpath_develop.dsv'
[1.116s] DEBUG:colcon.colcon_core.event_handler.log_command:Invoked command in '/home/alicia/rbrz_ws/build/smorphi_control' returned '0': DEBUGINFOD_URLS=https://debuginfod.ubuntu.com PYTHONPATH=/home/alicia/rbrz_ws/build/smorphi_control/prefix_override:/usr/lib/python3/dist-packages/colcon_core/task/python/colcon_distutils_commands:/home/alicia/rbrz_ws/install/smorphi_control/lib/python3.12/site-packages:${PYTHONPATH} /usr/bin/python3 -W ignore:setup.py install is deprecated -W ignore:easy_install command is deprecated setup.py develop --editable --build-directory /home/alicia/rbrz_ws/build/smorphi_control/build --no-deps symlink_data
[1.116s] INFO:colcon.colcon_core.shell:Creating environment hook '/home/alicia/rbrz_ws/build/smorphi_control/share/smorphi_control/hook/pythonpath_develop.sh'
[1.117s] Level 1:colcon.colcon_core.environment:checking '/home/alicia/rbrz_ws/install/smorphi_control' for CMake module files
[1.117s] Level 1:colcon.colcon_core.environment:checking '/home/alicia/rbrz_ws/install/smorphi_control' for CMake config files
[1.117s] Level 1:colcon.colcon_core.environment:checking '/home/alicia/rbrz_ws/install/smorphi_control/lib'
[1.118s] Level 1:colcon.colcon_core.environment:checking '/home/alicia/rbrz_ws/install/smorphi_control/bin'
[1.118s] Level 1:colcon.colcon_core.environment:checking '/home/alicia/rbrz_ws/install/smorphi_control/lib/pkgconfig/smorphi_control.pc'
[1.118s] Level 1:colcon.colcon_core.environment:checking '/home/alicia/rbrz_ws/install/smorphi_control/lib/python3.12/site-packages'
[1.118s] Level 1:colcon.colcon_core.shell:create_environment_hook('smorphi_control', 'pythonpath')
[1.118s] INFO:colcon.colcon_core.shell:Creating environment descriptor '/home/alicia/rbrz_ws/install/smorphi_control/share/smorphi_control/hook/pythonpath.dsv'
[1.118s] INFO:colcon.colcon_core.shell:Creating environment hook '/home/alicia/rbrz_ws/install/smorphi_control/share/smorphi_control/hook/pythonpath.sh'
[1.119s] Level 1:colcon.colcon_core.environment:checking '/home/alicia/rbrz_ws/install/smorphi_control/bin'
[1.119s] Level 1:colcon.colcon_core.environment:create_environment_scripts_only(smorphi_control)
[1.119s] INFO:colcon.colcon_core.shell:Creating package descriptor '/home/alicia/rbrz_ws/install/smorphi_control/share/smorphi_control/package.dsv'
[1.119s] INFO:colcon.colcon_core.shell:Creating package script '/home/alicia/rbrz_ws/install/smorphi_control/share/smorphi_control/package.sh'
[1.119s] INFO:colcon.colcon_core.shell:Creating package script '/home/alicia/rbrz_ws/install/smorphi_control/share/smorphi_control/package.bash'
[1.119s] INFO:colcon.colcon_core.shell:Creating package script '/home/alicia/rbrz_ws/install/smorphi_control/share/smorphi_control/package.zsh'
[1.120s] Level 1:colcon.colcon_core.environment:create_file_with_runtime_dependencies(/home/alicia/rbrz_ws/install/smorphi_control/share/colcon-core/packages/smorphi_control)
[1.120s] DEBUG:colcon.colcon_parallel_executor.executor.parallel:closing loop
[1.120s] DEBUG:colcon.colcon_parallel_executor.executor.parallel:loop closed
[1.120s] DEBUG:colcon.colcon_parallel_executor.executor.parallel:run_until_complete finished with '0'
[1.120s] DEBUG:colcon.colcon_core.event_reactor:joining thread
[1.127s] INFO:colcon.colcon_core.plugin_system:Skipping extension 'colcon_notification.desktop_notification.terminal_notifier': Not used on non-Darwin systems
[1.127s] INFO:colcon.colcon_core.plugin_system:Skipping extension 'colcon_notification.desktop_notification.win32': Not used on non-Windows systems
[1.127s] INFO:colcon.colcon_notification.desktop_notification:Sending desktop notification using 'notify2'
[1.136s] DEBUG:colcon.colcon_core.event_reactor:joined thread
[1.136s] INFO:colcon.colcon_core.shell:Creating prefix script '/home/alicia/rbrz_ws/install/local_setup.sh'
[1.137s] INFO:colcon.colcon_core.shell:Creating prefix util module '/home/alicia/rbrz_ws/install/_local_setup_util_sh.py'
[1.138s] INFO:colcon.colcon_core.shell:Creating prefix chain script '/home/alicia/rbrz_ws/install/setup.sh'
[1.138s] INFO:colcon.colcon_core.shell:Creating prefix script '/home/alicia/rbrz_ws/install/local_setup.bash'
[1.139s] INFO:colcon.colcon_core.shell:Creating prefix chain script '/home/alicia/rbrz_ws/install/setup.bash'
[1.139s] INFO:colcon.colcon_core.shell:Creating prefix script '/home/alicia/rbrz_ws/install/local_setup.zsh'
[1.139s] INFO:colcon.colcon_core.shell:Creating prefix chain script '/home/alicia/rbrz_ws/install/setup.zsh'
