[0.301s] Invoking command in '/home/alicia/rbrz_ws/build/smorphi_description': CMAKE_PREFIX_PATH=${CMAKE_PREFIX_PATH}:/home/alicia/rbrz_ws/install/smorphi_control:/opt/ros/jazzy DEBUGINFOD_URLS=https://debuginfod.ubuntu.com /usr/bin/cmake --build /home/alicia/rbrz_ws/build/smorphi_description -- -j8 -l8
[0.368s] Invoked command in '/home/alicia/rbrz_ws/build/smorphi_description' returned '0': CMAKE_PREFIX_PATH=${CMAKE_PREFIX_PATH}:/home/alicia/rbrz_ws/install/smorphi_control:/opt/ros/jazzy DEBUGINFOD_URLS=https://debuginfod.ubuntu.com /usr/bin/cmake --build /home/alicia/rbrz_ws/build/smorphi_description -- -j8 -l8
[0.380s] Invoking command in '/home/alicia/rbrz_ws/build/smorphi_description': CMAKE_PREFIX_PATH=${CMAKE_PREFIX_PATH}:/home/alicia/rbrz_ws/install/smorphi_control:/opt/ros/jazzy DEBUGINFOD_URLS=https://debuginfod.ubuntu.com /usr/bin/cmake --install /home/alicia/rbrz_ws/build/smorphi_description
[0.395s] -- Install configuration: ""
[0.396s] -- Execute custom install script
[0.397s] -- Up-to-date symlink: /home/alicia/rbrz_ws/install/smorphi_description/share/smorphi_description/urdf/smorphi.urdf
[0.397s] -- Up-to-date symlink: /home/alicia/rbrz_ws/install/smorphi_description/share/smorphi_description/meshes/body.stl
[0.397s] -- Up-to-date symlink: /home/alicia/rbrz_ws/install/smorphi_description/share/smorphi_description/meshes/wheel_fl.stl
[0.397s] -- Up-to-date symlink: /home/alicia/rbrz_ws/install/smorphi_description/share/smorphi_description/meshes/wheel_fr.stl
[0.397s] -- Up-to-date symlink: /home/alicia/rbrz_ws/install/smorphi_description/share/smorphi_description/meshes/wheel_rl.stl
[0.398s] -- Up-to-date symlink: /home/alicia/rbrz_ws/install/smorphi_description/share/smorphi_description/meshes/wheel_rr.stl
[0.398s] -- Up-to-date symlink: /home/alicia/rbrz_ws/install/smorphi_description/share/smorphi_description/launch/display.launch.py
[0.398s] -- Up-to-date symlink: /home/alicia/rbrz_ws/install/smorphi_description/share/smorphi_description/launch/gazebo.launch.py
[0.399s] -- Up-to-date symlink: /home/alicia/rbrz_ws/install/smorphi_description/share/ament_index/resource_index/package_run_dependencies/smorphi_description
[0.399s] -- Up-to-date symlink: /home/alicia/rbrz_ws/install/smorphi_description/share/ament_index/resource_index/parent_prefix_path/smorphi_description
[0.399s] -- Up-to-date symlink: /home/alicia/rbrz_ws/install/smorphi_description/share/smorphi_description/environment/ament_prefix_path.sh
[0.399s] -- Up-to-date symlink: /home/alicia/rbrz_ws/install/smorphi_description/share/smorphi_description/environment/ament_prefix_path.dsv
[0.400s] -- Up-to-date symlink: /home/alicia/rbrz_ws/install/smorphi_description/share/smorphi_description/environment/path.sh
[0.400s] -- Up-to-date symlink: /home/alicia/rbrz_ws/install/smorphi_description/share/smorphi_description/environment/path.dsv
[0.401s] -- Up-to-date symlink: /home/alicia/rbrz_ws/install/smorphi_description/share/smorphi_description/local_setup.bash
[0.401s] -- Up-to-date symlink: /home/alicia/rbrz_ws/install/smorphi_description/share/smorphi_description/local_setup.sh
[0.401s] -- Up-to-date symlink: /home/alicia/rbrz_ws/install/smorphi_description/share/smorphi_description/local_setup.zsh
[0.401s] -- Up-to-date symlink: /home/alicia/rbrz_ws/install/smorphi_description/share/smorphi_description/local_setup.dsv
[0.401s] -- Symlinking: /home/alicia/rbrz_ws/install/smorphi_description/share/smorphi_description/package.dsv
[0.413s] -- Up-to-date symlink: /home/alicia/rbrz_ws/install/smorphi_description/share/ament_index/resource_index/packages/smorphi_description
[0.413s] -- Up-to-date symlink: /home/alicia/rbrz_ws/install/smorphi_description/share/smorphi_description/cmake/smorphi_descriptionConfig.cmake
[0.413s] -- Up-to-date symlink: /home/alicia/rbrz_ws/install/smorphi_description/share/smorphi_description/cmake/smorphi_descriptionConfig-version.cmake
[0.414s] -- Up-to-date symlink: /home/alicia/rbrz_ws/install/smorphi_description/share/smorphi_description/package.xml
[0.416s] Invoked command in '/home/alicia/rbrz_ws/build/smorphi_description' returned '0': CMAKE_PREFIX_PATH=${CMAKE_PREFIX_PATH}:/home/alicia/rbrz_ws/install/smorphi_control:/opt/ros/jazzy DEBUGINFOD_URLS=https://debuginfod.ubuntu.com /usr/bin/cmake --install /home/alicia/rbrz_ws/build/smorphi_description
