[0.064s] DEBUG:colcon:Command line arguments: ['/usr/bin/colcon', 'build', '--symlink-install']
[0.065s] DEBUG:colcon:Parsed command line arguments: Namespace(log_base=None, log_level=None, verb_name='build', build_base='build', install_base='install', merge_install=False, symlink_install=True, test_result_base=None, continue_on_error=False, executor='parallel', parallel_workers=8, event_handlers=None, ignore_user_meta=False, metas=['./colcon.meta'], base_paths=['.'], packages_ignore=None, packages_ignore_regex=None, paths=None, packages_up_to=None, packages_up_to_regex=None, packages_above=None, packages_above_and_dependencies=None, packages_above_depth=None, packages_select_by_dep=None, packages_skip_by_dep=None, packages_skip_up_to=None, packages_select_build_failed=False, packages_skip_build_finished=False, packages_select_test_failures=False, packages_skip_test_passed=False, packages_select=None, packages_skip=None, packages_select_regex=None, packages_skip_regex=None, packages_start=None, packages_end=None, cmake_args=None, cmake_target=None, cmake_target_skip_unavailable=False, cmake_clean_cache=False, cmake_clean_first=False, cmake_force_configure=False, ament_cmake_args=None, catkin_cmake_args=None, catkin_skip_building_tests=False, verb_parser=<colcon_defaults.argument_parser.defaults.DefaultArgumentsDecorator object at 0x78567a6cd490>, verb_extension=<colcon_core.verb.build.BuildVerb object at 0x78567a84d5b0>, main=<bound method BuildVerb.main of <colcon_core.verb.build.BuildVerb object at 0x78567a84d5b0>>)
[0.090s] Level 1:colcon.colcon_core.package_discovery:discover_packages(colcon_meta) check parameters
[0.090s] Level 1:colcon.colcon_core.package_discovery:discover_packages(recursive) check parameters
[0.090s] Level 1:colcon.colcon_core.package_discovery:discover_packages(ignore) check parameters
[0.090s] Level 1:colcon.colcon_core.package_discovery:discover_packages(path) check parameters
[0.090s] Level 1:colcon.colcon_core.package_discovery:discover_packages(colcon_meta) discover
[0.090s] Level 1:colcon.colcon_core.package_discovery:discover_packages(recursive) discover
[0.090s] INFO:colcon.colcon_core.package_discovery:Crawling recursively for packages in '/home/alicia/rbrz_ws'
[0.091s] Level 1:colcon.colcon_core.package_identification:_identify(.) by extensions ['ignore', 'ignore_ament_install']
[0.091s] Level 1:colcon.colcon_core.package_identification:_identify(.) by extension 'ignore'
[0.091s] Level 1:colcon.colcon_core.package_identification:_identify(.) by extension 'ignore_ament_install'
[0.091s] Level 1:colcon.colcon_core.package_identification:_identify(.) by extensions ['colcon_pkg']
[0.091s] Level 1:colcon.colcon_core.package_identification:_identify(.) by extension 'colcon_pkg'
[0.091s] Level 1:colcon.colcon_core.package_identification:_identify(.) by extensions ['colcon_meta']
[0.091s] Level 1:colcon.colcon_core.package_identification:_identify(.) by extension 'colcon_meta'
[0.091s] Level 1:colcon.colcon_core.package_identification:_identify(.) by extensions ['ros']
[0.091s] Level 1:colcon.colcon_core.package_identification:_identify(.) by extension 'ros'
[0.108s] Level 1:colcon.colcon_core.package_identification:_identify(.) by extensions ['cmake', 'python']
[0.109s] Level 1:colcon.colcon_core.package_identification:_identify(.) by extension 'cmake'
[0.109s] Level 1:colcon.colcon_core.package_identification:_identify(.) by extension 'python'
[0.109s] Level 1:colcon.colcon_core.package_identification:_identify(.) by extensions ['python_setup_py']
[0.109s] Level 1:colcon.colcon_core.package_identification:_identify(.) by extension 'python_setup_py'
[0.109s] Level 1:colcon.colcon_core.package_identification:_identify(build) by extensions ['ignore', 'ignore_ament_install']
[0.109s] Level 1:colcon.colcon_core.package_identification:_identify(build) by extension 'ignore'
[0.109s] Level 1:colcon.colcon_core.package_identification:_identify(build) ignored
[0.109s] Level 1:colcon.colcon_core.package_identification:_identify(install) by extensions ['ignore', 'ignore_ament_install']
[0.109s] Level 1:colcon.colcon_core.package_identification:_identify(install) by extension 'ignore'
[0.109s] Level 1:colcon.colcon_core.package_identification:_identify(install) ignored
[0.109s] Level 1:colcon.colcon_core.package_identification:_identify(log) by extensions ['ignore', 'ignore_ament_install']
[0.109s] Level 1:colcon.colcon_core.package_identification:_identify(log) by extension 'ignore'
[0.109s] Level 1:colcon.colcon_core.package_identification:_identify(log) ignored
[0.109s] Level 1:colcon.colcon_core.package_identification:_identify(src) by extensions ['ignore', 'ignore_ament_install']
[0.109s] Level 1:colcon.colcon_core.package_identification:_identify(src) by extension 'ignore'
[0.109s] Level 1:colcon.colcon_core.package_identification:_identify(src) by extension 'ignore_ament_install'
[0.109s] Level 1:colcon.colcon_core.package_identification:_identify(src) by extensions ['colcon_pkg']
[0.109s] Level 1:colcon.colcon_core.package_identification:_identify(src) by extension 'colcon_pkg'
[0.109s] Level 1:colcon.colcon_core.package_identification:_identify(src) by extensions ['colcon_meta']
[0.109s] Level 1:colcon.colcon_core.package_identification:_identify(src) by extension 'colcon_meta'
[0.109s] Level 1:colcon.colcon_core.package_identification:_identify(src) by extensions ['ros']
[0.109s] Level 1:colcon.colcon_core.package_identification:_identify(src) by extension 'ros'
[0.109s] Level 1:colcon.colcon_core.package_identification:_identify(src) by extensions ['cmake', 'python']
[0.109s] Level 1:colcon.colcon_core.package_identification:_identify(src) by extension 'cmake'
[0.109s] Level 1:colcon.colcon_core.package_identification:_identify(src) by extension 'python'
[0.109s] Level 1:colcon.colcon_core.package_identification:_identify(src) by extensions ['python_setup_py']
[0.109s] Level 1:colcon.colcon_core.package_identification:_identify(src) by extension 'python_setup_py'
[0.109s] Level 1:colcon.colcon_core.package_identification:_identify(src/smorphi_control) by extensions ['ignore', 'ignore_ament_install']
[0.110s] Level 1:colcon.colcon_core.package_identification:_identify(src/smorphi_control) by extension 'ignore'
[0.110s] Level 1:colcon.colcon_core.package_identification:_identify(src/smorphi_control) by extension 'ignore_ament_install'
[0.110s] Level 1:colcon.colcon_core.package_identification:_identify(src/smorphi_control) by extensions ['colcon_pkg']
[0.110s] Level 1:colcon.colcon_core.package_identification:_identify(src/smorphi_control) by extension 'colcon_pkg'
[0.110s] Level 1:colcon.colcon_core.package_identification:_identify(src/smorphi_control) by extensions ['colcon_meta']
[0.110s] Level 1:colcon.colcon_core.package_identification:_identify(src/smorphi_control) by extension 'colcon_meta'
[0.110s] Level 1:colcon.colcon_core.package_identification:_identify(src/smorphi_control) by extensions ['ros']
[0.110s] Level 1:colcon.colcon_core.package_identification:_identify(src/smorphi_control) by extension 'ros'
[0.112s] DEBUG:colcon.colcon_core.package_identification:Package 'src/smorphi_control' with type 'ros.ament_python' and name 'smorphi_control'
[0.112s] Level 1:colcon.colcon_core.package_identification:_identify(src/smorphi_description) by extensions ['ignore', 'ignore_ament_install']
[0.112s] Level 1:colcon.colcon_core.package_identification:_identify(src/smorphi_description) by extension 'ignore'
[0.112s] Level 1:colcon.colcon_core.package_identification:_identify(src/smorphi_description) by extension 'ignore_ament_install'
[0.112s] Level 1:colcon.colcon_core.package_identification:_identify(src/smorphi_description) by extensions ['colcon_pkg']
[0.112s] Level 1:colcon.colcon_core.package_identification:_identify(src/smorphi_description) by extension 'colcon_pkg'
[0.112s] Level 1:colcon.colcon_core.package_identification:_identify(src/smorphi_description) by extensions ['colcon_meta']
[0.112s] Level 1:colcon.colcon_core.package_identification:_identify(src/smorphi_description) by extension 'colcon_meta'
[0.112s] Level 1:colcon.colcon_core.package_identification:_identify(src/smorphi_description) by extensions ['ros']
[0.112s] Level 1:colcon.colcon_core.package_identification:_identify(src/smorphi_description) by extension 'ros'
[0.112s] DEBUG:colcon.colcon_core.package_identification:Package 'src/smorphi_description' with type 'ros.ament_cmake' and name 'smorphi_description'
[0.112s] Level 1:colcon.colcon_core.package_discovery:discover_packages(recursive) using defaults
[0.112s] Level 1:colcon.colcon_core.package_discovery:discover_packages(ignore) discover
[0.112s] Level 1:colcon.colcon_core.package_discovery:discover_packages(ignore) using defaults
[0.112s] Level 1:colcon.colcon_core.package_discovery:discover_packages(path) discover
[0.112s] Level 1:colcon.colcon_core.package_discovery:discover_packages(path) using defaults
[0.124s] Level 5:colcon.colcon_core.verb:set package 'smorphi_control' build argument 'cmake_args' from command line to 'None'
[0.124s] Level 5:colcon.colcon_core.verb:set package 'smorphi_control' build argument 'cmake_target' from command line to 'None'
[0.124s] Level 5:colcon.colcon_core.verb:set package 'smorphi_control' build argument 'cmake_target_skip_unavailable' from command line to 'False'
[0.125s] Level 5:colcon.colcon_core.verb:set package 'smorphi_control' build argument 'cmake_clean_cache' from command line to 'False'
[0.125s] Level 5:colcon.colcon_core.verb:set package 'smorphi_control' build argument 'cmake_clean_first' from command line to 'False'
[0.125s] Level 5:colcon.colcon_core.verb:set package 'smorphi_control' build argument 'cmake_force_configure' from command line to 'False'
[0.125s] Level 5:colcon.colcon_core.verb:set package 'smorphi_control' build argument 'ament_cmake_args' from command line to 'None'
[0.125s] Level 5:colcon.colcon_core.verb:set package 'smorphi_control' build argument 'catkin_cmake_args' from command line to 'None'
[0.125s] Level 5:colcon.colcon_core.verb:set package 'smorphi_control' build argument 'catkin_skip_building_tests' from command line to 'False'
[0.125s] DEBUG:colcon.colcon_core.verb:Building package 'smorphi_control' with the following arguments: {'ament_cmake_args': None, 'build_base': '/home/alicia/rbrz_ws/build/smorphi_control', 'catkin_cmake_args': None, 'catkin_skip_building_tests': False, 'cmake_args': None, 'cmake_clean_cache': False, 'cmake_clean_first': False, 'cmake_force_configure': False, 'cmake_target': None, 'cmake_target_skip_unavailable': False, 'install_base': '/home/alicia/rbrz_ws/install/smorphi_control', 'merge_install': False, 'path': '/home/alicia/rbrz_ws/src/smorphi_control', 'symlink_install': True, 'test_result_base': None}
[0.125s] Level 5:colcon.colcon_core.verb:set package 'smorphi_description' build argument 'cmake_args' from command line to 'None'
[0.125s] Level 5:colcon.colcon_core.verb:set package 'smorphi_description' build argument 'cmake_target' from command line to 'None'
[0.125s] Level 5:colcon.colcon_core.verb:set package 'smorphi_description' build argument 'cmake_target_skip_unavailable' from command line to 'False'
[0.125s] Level 5:colcon.colcon_core.verb:set package 'smorphi_description' build argument 'cmake_clean_cache' from command line to 'False'
[0.125s] Level 5:colcon.colcon_core.verb:set package 'smorphi_description' build argument 'cmake_clean_first' from command line to 'False'
[0.125s] Level 5:colcon.colcon_core.verb:set package 'smorphi_description' build argument 'cmake_force_configure' from command line to 'False'
[0.125s] Level 5:colcon.colcon_core.verb:set package 'smorphi_description' build argument 'ament_cmake_args' from command line to 'None'
[0.125s] Level 5:colcon.colcon_core.verb:set package 'smorphi_description' build argument 'catkin_cmake_args' from command line to 'None'
[0.125s] Level 5:colcon.colcon_core.verb:set package 'smorphi_description' build argument 'catkin_skip_building_tests' from command line to 'False'
[0.125s] DEBUG:colcon.colcon_core.verb:Building package 'smorphi_description' with the following arguments: {'ament_cmake_args': None, 'build_base': '/home/alicia/rbrz_ws/build/smorphi_description', 'catkin_cmake_args': None, 'catkin_skip_building_tests': False, 'cmake_args': None, 'cmake_clean_cache': False, 'cmake_clean_first': False, 'cmake_force_configure': False, 'cmake_target': None, 'cmake_target_skip_unavailable': False, 'install_base': '/home/alicia/rbrz_ws/install/smorphi_description', 'merge_install': False, 'path': '/home/alicia/rbrz_ws/src/smorphi_description', 'symlink_install': True, 'test_result_base': None}
[0.125s] INFO:colcon.colcon_core.executor:Executing jobs using 'parallel' executor
[0.126s] DEBUG:colcon.colcon_parallel_executor.executor.parallel:run_until_complete
[0.126s] INFO:colcon.colcon_ros.task.ament_python.build:Building ROS package in '/home/alicia/rbrz_ws/src/smorphi_control' with build type 'ament_python'
[0.126s] Level 1:colcon.colcon_core.shell:create_environment_hook('smorphi_control', 'ament_prefix_path')
[0.128s] INFO:colcon.colcon_core.plugin_system:Skipping extension 'colcon_core.shell.bat': Not used on non-Windows systems
[0.128s] INFO:colcon.colcon_core.shell:Creating environment descriptor '/home/alicia/rbrz_ws/install/smorphi_control/share/smorphi_control/hook/ament_prefix_path.dsv'
[0.129s] INFO:colcon.colcon_core.shell:Creating environment hook '/home/alicia/rbrz_ws/install/smorphi_control/share/smorphi_control/hook/ament_prefix_path.sh'
[0.130s] DEBUG:colcon.colcon_core.shell:Skip shell extension 'dsv' for command environment
[0.133s] INFO:colcon.colcon_ros.task.ament_cmake.build:Building ROS package in '/home/alicia/rbrz_ws/src/smorphi_description' with build type 'ament_cmake'
[0.133s] INFO:colcon.colcon_cmake.task.cmake.build:Building CMake package in '/home/alicia/rbrz_ws/src/smorphi_description'
[0.133s] DEBUG:colcon.colcon_core.shell:Skip shell extension 'dsv' for command environment
[0.283s] INFO:colcon.colcon_core.task.python.build:Building Python package in '/home/alicia/rbrz_ws/src/smorphi_control'
[0.284s] DEBUG:colcon.colcon_core.shell:Skip shell extension 'dsv' for command environment
[0.288s] DEBUG:colcon.colcon_core.event_handler.log_command:Invoking command in '/home/alicia/rbrz_ws/build/smorphi_description': CMAKE_PREFIX_PATH=${CMAKE_PREFIX_PATH}:/home/alicia/rbrz_ws/install/smorphi_control:/opt/ros/jazzy DEBUGINFOD_URLS=https://debuginfod.ubuntu.com /usr/bin/cmake --build /home/alicia/rbrz_ws/build/smorphi_description -- -j8 -l8
[0.327s] DEBUG:colcon.colcon_core.event_handler.log_command:Invoked command in '/home/alicia/rbrz_ws/build/smorphi_description' returned '0': CMAKE_PREFIX_PATH=${CMAKE_PREFIX_PATH}:/home/alicia/rbrz_ws/install/smorphi_control:/opt/ros/jazzy DEBUGINFOD_URLS=https://debuginfod.ubuntu.com /usr/bin/cmake --build /home/alicia/rbrz_ws/build/smorphi_description -- -j8 -l8
[0.338s] DEBUG:colcon.colcon_core.event_handler.log_command:Invoking command in '/home/alicia/rbrz_ws/build/smorphi_description': CMAKE_PREFIX_PATH=${CMAKE_PREFIX_PATH}:/home/alicia/rbrz_ws/install/smorphi_control:/opt/ros/jazzy DEBUGINFOD_URLS=https://debuginfod.ubuntu.com /usr/bin/cmake --install /home/alicia/rbrz_ws/build/smorphi_description
[0.358s] Level 1:colcon.colcon_core.environment:create_environment_scripts_only(smorphi_description)
[0.358s] DEBUG:colcon.colcon_core.event_handler.log_command:Invoked command in '/home/alicia/rbrz_ws/build/smorphi_description' returned '0': CMAKE_PREFIX_PATH=${CMAKE_PREFIX_PATH}:/home/alicia/rbrz_ws/install/smorphi_control:/opt/ros/jazzy DEBUGINFOD_URLS=https://debuginfod.ubuntu.com /usr/bin/cmake --install /home/alicia/rbrz_ws/build/smorphi_description
[0.360s] Level 1:colcon.colcon_core.environment:checking '/home/alicia/rbrz_ws/install/smorphi_description' for CMake module files
[0.361s] Level 1:colcon.colcon_core.environment:checking '/home/alicia/rbrz_ws/install/smorphi_description' for CMake config files
[0.361s] Level 1:colcon.colcon_core.shell:create_environment_hook('smorphi_description', 'cmake_prefix_path')
[0.361s] INFO:colcon.colcon_core.shell:Creating environment descriptor '/home/alicia/rbrz_ws/install/smorphi_description/share/smorphi_description/hook/cmake_prefix_path.dsv'
[0.362s] INFO:colcon.colcon_core.shell:Creating environment hook '/home/alicia/rbrz_ws/install/smorphi_description/share/smorphi_description/hook/cmake_prefix_path.sh'
[0.362s] Level 1:colcon.colcon_core.environment:checking '/home/alicia/rbrz_ws/install/smorphi_description/bin'
[0.362s] Level 1:colcon.colcon_core.environment:checking '/home/alicia/rbrz_ws/install/smorphi_description/lib/pkgconfig/smorphi_description.pc'
[0.362s] Level 1:colcon.colcon_core.environment:checking '/home/alicia/rbrz_ws/install/smorphi_description/lib/python3.12/site-packages'
[0.363s] Level 1:colcon.colcon_core.environment:checking '/home/alicia/rbrz_ws/install/smorphi_description/bin'
[0.363s] INFO:colcon.colcon_core.shell:Creating package descriptor '/home/alicia/rbrz_ws/install/smorphi_description/share/smorphi_description/package.dsv'
[0.363s] INFO:colcon.colcon_core.shell:Creating package script '/home/alicia/rbrz_ws/install/smorphi_description/share/smorphi_description/package.sh'
[0.364s] INFO:colcon.colcon_core.shell:Creating package script '/home/alicia/rbrz_ws/install/smorphi_description/share/smorphi_description/package.bash'
[0.364s] INFO:colcon.colcon_core.shell:Creating package script '/home/alicia/rbrz_ws/install/smorphi_description/share/smorphi_description/package.zsh'
[0.364s] Level 1:colcon.colcon_core.environment:create_file_with_runtime_dependencies(/home/alicia/rbrz_ws/install/smorphi_description/share/colcon-core/packages/smorphi_description)
[0.365s] Level 1:colcon.colcon_core.environment:create_environment_scripts_only(smorphi_description)
[0.365s] Level 1:colcon.colcon_core.environment:checking '/home/alicia/rbrz_ws/install/smorphi_description' for CMake module files
[0.365s] Level 1:colcon.colcon_core.environment:checking '/home/alicia/rbrz_ws/install/smorphi_description' for CMake config files
[0.365s] Level 1:colcon.colcon_core.shell:create_environment_hook('smorphi_description', 'cmake_prefix_path')
[0.365s] INFO:colcon.colcon_core.shell:Creating environment descriptor '/home/alicia/rbrz_ws/install/smorphi_description/share/smorphi_description/hook/cmake_prefix_path.dsv'
[0.365s] INFO:colcon.colcon_core.shell:Creating environment hook '/home/alicia/rbrz_ws/install/smorphi_description/share/smorphi_description/hook/cmake_prefix_path.sh'
[0.366s] Level 1:colcon.colcon_core.environment:checking '/home/alicia/rbrz_ws/install/smorphi_description/bin'
[0.366s] Level 1:colcon.colcon_core.environment:checking '/home/alicia/rbrz_ws/install/smorphi_description/lib/pkgconfig/smorphi_description.pc'
[0.366s] Level 1:colcon.colcon_core.environment:checking '/home/alicia/rbrz_ws/install/smorphi_description/lib/python3.12/site-packages'
[0.366s] Level 1:colcon.colcon_core.environment:checking '/home/alicia/rbrz_ws/install/smorphi_description/bin'
[0.366s] INFO:colcon.colcon_core.shell:Creating package descriptor '/home/alicia/rbrz_ws/install/smorphi_description/share/smorphi_description/package.dsv'
[0.367s] INFO:colcon.colcon_core.shell:Creating package script '/home/alicia/rbrz_ws/install/smorphi_description/share/smorphi_description/package.sh'
[0.367s] INFO:colcon.colcon_core.shell:Creating package script '/home/alicia/rbrz_ws/install/smorphi_description/share/smorphi_description/package.bash'
[0.367s] INFO:colcon.colcon_core.shell:Creating package script '/home/alicia/rbrz_ws/install/smorphi_description/share/smorphi_description/package.zsh'
[0.367s] Level 1:colcon.colcon_core.environment:create_file_with_runtime_dependencies(/home/alicia/rbrz_ws/install/smorphi_description/share/colcon-core/packages/smorphi_description)
[0.689s] DEBUG:colcon.colcon_core.event_handler.log_command:Invoking command in '/home/alicia/rbrz_ws/build/smorphi_control': DEBUGINFOD_URLS=https://debuginfod.ubuntu.com PYTHONPATH=/home/alicia/rbrz_ws/build/smorphi_control/prefix_override:/usr/lib/python3/dist-packages/colcon_core/task/python/colcon_distutils_commands:/home/alicia/rbrz_ws/install/smorphi_control/lib/python3.12/site-packages:${PYTHONPATH} /usr/bin/python3 -W ignore:setup.py install is deprecated -W ignore:easy_install command is deprecated setup.py develop --editable --build-directory /home/alicia/rbrz_ws/build/smorphi_control/build --no-deps symlink_data
[1.177s] Level 1:colcon.colcon_core.shell:create_environment_hook('smorphi_control', 'pythonpath_develop')
[1.177s] INFO:colcon.colcon_core.shell:Creating environment descriptor '/home/alicia/rbrz_ws/build/smorphi_control/share/smorphi_control/hook/pythonpath_develop.dsv'
[1.177s] DEBUG:colcon.colcon_core.event_handler.log_command:Invoked command in '/home/alicia/rbrz_ws/build/smorphi_control' returned '0': DEBUGINFOD_URLS=https://debuginfod.ubuntu.com PYTHONPATH=/home/alicia/rbrz_ws/build/smorphi_control/prefix_override:/usr/lib/python3/dist-packages/colcon_core/task/python/colcon_distutils_commands:/home/alicia/rbrz_ws/install/smorphi_control/lib/python3.12/site-packages:${PYTHONPATH} /usr/bin/python3 -W ignore:setup.py install is deprecated -W ignore:easy_install command is deprecated setup.py develop --editable --build-directory /home/alicia/rbrz_ws/build/smorphi_control/build --no-deps symlink_data
[1.178s] INFO:colcon.colcon_core.shell:Creating environment hook '/home/alicia/rbrz_ws/build/smorphi_control/share/smorphi_control/hook/pythonpath_develop.sh'
[1.178s] Level 1:colcon.colcon_core.environment:checking '/home/alicia/rbrz_ws/install/smorphi_control' for CMake module files
[1.179s] Level 1:colcon.colcon_core.environment:checking '/home/alicia/rbrz_ws/install/smorphi_control' for CMake config files
[1.179s] Level 1:colcon.colcon_core.environment:checking '/home/alicia/rbrz_ws/install/smorphi_control/lib'
[1.180s] Level 1:colcon.colcon_core.environment:checking '/home/alicia/rbrz_ws/install/smorphi_control/bin'
[1.180s] Level 1:colcon.colcon_core.environment:checking '/home/alicia/rbrz_ws/install/smorphi_control/lib/pkgconfig/smorphi_control.pc'
[1.180s] Level 1:colcon.colcon_core.environment:checking '/home/alicia/rbrz_ws/install/smorphi_control/lib/python3.12/site-packages'
[1.180s] Level 1:colcon.colcon_core.shell:create_environment_hook('smorphi_control', 'pythonpath')
[1.180s] INFO:colcon.colcon_core.shell:Creating environment descriptor '/home/alicia/rbrz_ws/install/smorphi_control/share/smorphi_control/hook/pythonpath.dsv'
[1.180s] INFO:colcon.colcon_core.shell:Creating environment hook '/home/alicia/rbrz_ws/install/smorphi_control/share/smorphi_control/hook/pythonpath.sh'
[1.181s] Level 1:colcon.colcon_core.environment:checking '/home/alicia/rbrz_ws/install/smorphi_control/bin'
[1.181s] Level 1:colcon.colcon_core.environment:create_environment_scripts_only(smorphi_control)
[1.181s] INFO:colcon.colcon_core.shell:Creating package descriptor '/home/alicia/rbrz_ws/install/smorphi_control/share/smorphi_control/package.dsv'
[1.182s] INFO:colcon.colcon_core.shell:Creating package script '/home/alicia/rbrz_ws/install/smorphi_control/share/smorphi_control/package.sh'
[1.182s] INFO:colcon.colcon_core.shell:Creating package script '/home/alicia/rbrz_ws/install/smorphi_control/share/smorphi_control/package.bash'
[1.182s] INFO:colcon.colcon_core.shell:Creating package script '/home/alicia/rbrz_ws/install/smorphi_control/share/smorphi_control/package.zsh'
[1.182s] Level 1:colcon.colcon_core.environment:create_file_with_runtime_dependencies(/home/alicia/rbrz_ws/install/smorphi_control/share/colcon-core/packages/smorphi_control)
[1.183s] DEBUG:colcon.colcon_parallel_executor.executor.parallel:closing loop
[1.183s] DEBUG:colcon.colcon_parallel_executor.executor.parallel:loop closed
[1.183s] DEBUG:colcon.colcon_parallel_executor.executor.parallel:run_until_complete finished with '0'
[1.183s] DEBUG:colcon.colcon_core.event_reactor:joining thread
[1.189s] INFO:colcon.colcon_core.plugin_system:Skipping extension 'colcon_notification.desktop_notification.terminal_notifier': Not used on non-Darwin systems
[1.189s] INFO:colcon.colcon_core.plugin_system:Skipping extension 'colcon_notification.desktop_notification.win32': Not used on non-Windows systems
[1.189s] INFO:colcon.colcon_notification.desktop_notification:Sending desktop notification using 'notify2'
[1.201s] DEBUG:colcon.colcon_core.event_reactor:joined thread
[1.202s] INFO:colcon.colcon_core.shell:Creating prefix script '/home/alicia/rbrz_ws/install/local_setup.sh'
[1.202s] INFO:colcon.colcon_core.shell:Creating prefix util module '/home/alicia/rbrz_ws/install/_local_setup_util_sh.py'
[1.203s] INFO:colcon.colcon_core.shell:Creating prefix chain script '/home/alicia/rbrz_ws/install/setup.sh'
[1.204s] INFO:colcon.colcon_core.shell:Creating prefix script '/home/alicia/rbrz_ws/install/local_setup.bash'
[1.204s] INFO:colcon.colcon_core.shell:Creating prefix chain script '/home/alicia/rbrz_ws/install/setup.bash'
[1.206s] INFO:colcon.colcon_core.shell:Creating prefix script '/home/alicia/rbrz_ws/install/local_setup.zsh'
[1.206s] INFO:colcon.colcon_core.shell:Creating prefix chain script '/home/alicia/rbrz_ws/install/setup.zsh'
