[0.131s] DEBUG:colcon:Command line arguments: ['/usr/bin/colcon', 'build', '--symlink-install']
[0.132s] DEBUG:colcon:Parsed command line arguments: Namespace(log_base=None, log_level=None, verb_name='build', build_base='build', install_base='install', merge_install=False, symlink_install=True, test_result_base=None, continue_on_error=False, executor='parallel', parallel_workers=8, event_handlers=None, ignore_user_meta=False, metas=['./colcon.meta'], base_paths=['.'], packages_ignore=None, packages_ignore_regex=None, paths=None, packages_up_to=None, packages_up_to_regex=None, packages_above=None, packages_above_and_dependencies=None, packages_above_depth=None, packages_select_by_dep=None, packages_skip_by_dep=None, packages_skip_up_to=None, packages_select_build_failed=False, packages_skip_build_finished=False, packages_select_test_failures=False, packages_skip_test_passed=False, packages_select=None, packages_skip=None, packages_select_regex=None, packages_skip_regex=None, packages_start=None, packages_end=None, cmake_args=None, cmake_target=None, cmake_target_skip_unavailable=False, cmake_clean_cache=False, cmake_clean_first=False, cmake_force_configure=False, ament_cmake_args=None, catkin_cmake_args=None, catkin_skip_building_tests=False, verb_parser=<colcon_defaults.argument_parser.defaults.DefaultArgumentsDecorator object at 0x7573aa22d4f0>, verb_extension=<colcon_core.verb.build.BuildVerb object at 0x7573aa355730>, main=<bound method BuildVerb.main of <colcon_core.verb.build.BuildVerb object at 0x7573aa355730>>)
[0.190s] Level 1:colcon.colcon_core.package_discovery:discover_packages(colcon_meta) check parameters
[0.190s] Level 1:colcon.colcon_core.package_discovery:discover_packages(recursive) check parameters
[0.190s] Level 1:colcon.colcon_core.package_discovery:discover_packages(ignore) check parameters
[0.190s] Level 1:colcon.colcon_core.package_discovery:discover_packages(path) check parameters
[0.190s] Level 1:colcon.colcon_core.package_discovery:discover_packages(colcon_meta) discover
[0.190s] Level 1:colcon.colcon_core.package_discovery:discover_packages(recursive) discover
[0.190s] INFO:colcon.colcon_core.package_discovery:Crawling recursively for packages in '/home/alicia/rbrz_ws'
[0.190s] Level 1:colcon.colcon_core.package_identification:_identify(.) by extensions ['ignore', 'ignore_ament_install']
[0.190s] Level 1:colcon.colcon_core.package_identification:_identify(.) by extension 'ignore'
[0.190s] Level 1:colcon.colcon_core.package_identification:_identify(.) by extension 'ignore_ament_install'
[0.190s] Level 1:colcon.colcon_core.package_identification:_identify(.) by extensions ['colcon_pkg']
[0.191s] Level 1:colcon.colcon_core.package_identification:_identify(.) by extension 'colcon_pkg'
[0.191s] Level 1:colcon.colcon_core.package_identification:_identify(.) by extensions ['colcon_meta']
[0.191s] Level 1:colcon.colcon_core.package_identification:_identify(.) by extension 'colcon_meta'
[0.191s] Level 1:colcon.colcon_core.package_identification:_identify(.) by extensions ['ros']
[0.191s] Level 1:colcon.colcon_core.package_identification:_identify(.) by extension 'ros'
[0.221s] Level 1:colcon.colcon_core.package_identification:_identify(.) by extensions ['cmake', 'python']
[0.222s] Level 1:colcon.colcon_core.package_identification:_identify(.) by extension 'cmake'
[0.222s] Level 1:colcon.colcon_core.package_identification:_identify(.) by extension 'python'
[0.222s] Level 1:colcon.colcon_core.package_identification:_identify(.) by extensions ['python_setup_py']
[0.222s] Level 1:colcon.colcon_core.package_identification:_identify(.) by extension 'python_setup_py'
[0.222s] Level 1:colcon.colcon_core.package_identification:_identify(build) by extensions ['ignore', 'ignore_ament_install']
[0.222s] Level 1:colcon.colcon_core.package_identification:_identify(build) by extension 'ignore'
[0.222s] Level 1:colcon.colcon_core.package_identification:_identify(build) ignored
[0.222s] Level 1:colcon.colcon_core.package_identification:_identify(install) by extensions ['ignore', 'ignore_ament_install']
[0.222s] Level 1:colcon.colcon_core.package_identification:_identify(install) by extension 'ignore'
[0.222s] Level 1:colcon.colcon_core.package_identification:_identify(install) ignored
[0.222s] Level 1:colcon.colcon_core.package_identification:_identify(log) by extensions ['ignore', 'ignore_ament_install']
[0.222s] Level 1:colcon.colcon_core.package_identification:_identify(log) by extension 'ignore'
[0.222s] Level 1:colcon.colcon_core.package_identification:_identify(log) ignored
[0.223s] Level 1:colcon.colcon_core.package_identification:_identify(src) by extensions ['ignore', 'ignore_ament_install']
[0.223s] Level 1:colcon.colcon_core.package_identification:_identify(src) by extension 'ignore'
[0.223s] Level 1:colcon.colcon_core.package_identification:_identify(src) by extension 'ignore_ament_install'
[0.223s] Level 1:colcon.colcon_core.package_identification:_identify(src) by extensions ['colcon_pkg']
[0.223s] Level 1:colcon.colcon_core.package_identification:_identify(src) by extension 'colcon_pkg'
[0.223s] Level 1:colcon.colcon_core.package_identification:_identify(src) by extensions ['colcon_meta']
[0.223s] Level 1:colcon.colcon_core.package_identification:_identify(src) by extension 'colcon_meta'
[0.223s] Level 1:colcon.colcon_core.package_identification:_identify(src) by extensions ['ros']
[0.223s] Level 1:colcon.colcon_core.package_identification:_identify(src) by extension 'ros'
[0.223s] Level 1:colcon.colcon_core.package_identification:_identify(src) by extensions ['cmake', 'python']
[0.223s] Level 1:colcon.colcon_core.package_identification:_identify(src) by extension 'cmake'
[0.223s] Level 1:colcon.colcon_core.package_identification:_identify(src) by extension 'python'
[0.223s] Level 1:colcon.colcon_core.package_identification:_identify(src) by extensions ['python_setup_py']
[0.223s] Level 1:colcon.colcon_core.package_identification:_identify(src) by extension 'python_setup_py'
[0.223s] Level 1:colcon.colcon_core.package_identification:_identify(src/smorphi_control) by extensions ['ignore', 'ignore_ament_install']
[0.223s] Level 1:colcon.colcon_core.package_identification:_identify(src/smorphi_control) by extension 'ignore'
[0.223s] Level 1:colcon.colcon_core.package_identification:_identify(src/smorphi_control) by extension 'ignore_ament_install'
[0.223s] Level 1:colcon.colcon_core.package_identification:_identify(src/smorphi_control) by extensions ['colcon_pkg']
[0.223s] Level 1:colcon.colcon_core.package_identification:_identify(src/smorphi_control) by extension 'colcon_pkg'
[0.223s] Level 1:colcon.colcon_core.package_identification:_identify(src/smorphi_control) by extensions ['colcon_meta']
[0.223s] Level 1:colcon.colcon_core.package_identification:_identify(src/smorphi_control) by extension 'colcon_meta'
[0.224s] Level 1:colcon.colcon_core.package_identification:_identify(src/smorphi_control) by extensions ['ros']
[0.224s] Level 1:colcon.colcon_core.package_identification:_identify(src/smorphi_control) by extension 'ros'
[0.227s] DEBUG:colcon.colcon_core.package_identification:Package 'src/smorphi_control' with type 'ros.ament_python' and name 'smorphi_control'
[0.227s] Level 1:colcon.colcon_core.package_identification:_identify(src/smorphi_description) by extensions ['ignore', 'ignore_ament_install']
[0.227s] Level 1:colcon.colcon_core.package_identification:_identify(src/smorphi_description) by extension 'ignore'
[0.227s] Level 1:colcon.colcon_core.package_identification:_identify(src/smorphi_description) by extension 'ignore_ament_install'
[0.228s] Level 1:colcon.colcon_core.package_identification:_identify(src/smorphi_description) by extensions ['colcon_pkg']
[0.228s] Level 1:colcon.colcon_core.package_identification:_identify(src/smorphi_description) by extension 'colcon_pkg'
[0.228s] Level 1:colcon.colcon_core.package_identification:_identify(src/smorphi_description) by extensions ['colcon_meta']
[0.228s] Level 1:colcon.colcon_core.package_identification:_identify(src/smorphi_description) by extension 'colcon_meta'
[0.228s] Level 1:colcon.colcon_core.package_identification:_identify(src/smorphi_description) by extensions ['ros']
[0.228s] Level 1:colcon.colcon_core.package_identification:_identify(src/smorphi_description) by extension 'ros'
[0.228s] DEBUG:colcon.colcon_core.package_identification:Package 'src/smorphi_description' with type 'ros.ament_cmake' and name 'smorphi_description'
[0.228s] Level 1:colcon.colcon_core.package_discovery:discover_packages(recursive) using defaults
[0.228s] Level 1:colcon.colcon_core.package_discovery:discover_packages(ignore) discover
[0.228s] Level 1:colcon.colcon_core.package_discovery:discover_packages(ignore) using defaults
[0.228s] Level 1:colcon.colcon_core.package_discovery:discover_packages(path) discover
[0.228s] Level 1:colcon.colcon_core.package_discovery:discover_packages(path) using defaults
[0.250s] Level 5:colcon.colcon_core.verb:set package 'smorphi_control' build argument 'cmake_args' from command line to 'None'
[0.250s] Level 5:colcon.colcon_core.verb:set package 'smorphi_control' build argument 'cmake_target' from command line to 'None'
[0.250s] Level 5:colcon.colcon_core.verb:set package 'smorphi_control' build argument 'cmake_target_skip_unavailable' from command line to 'False'
[0.250s] Level 5:colcon.colcon_core.verb:set package 'smorphi_control' build argument 'cmake_clean_cache' from command line to 'False'
[0.250s] Level 5:colcon.colcon_core.verb:set package 'smorphi_control' build argument 'cmake_clean_first' from command line to 'False'
[0.250s] Level 5:colcon.colcon_core.verb:set package 'smorphi_control' build argument 'cmake_force_configure' from command line to 'False'
[0.250s] Level 5:colcon.colcon_core.verb:set package 'smorphi_control' build argument 'ament_cmake_args' from command line to 'None'
[0.250s] Level 5:colcon.colcon_core.verb:set package 'smorphi_control' build argument 'catkin_cmake_args' from command line to 'None'
[0.250s] Level 5:colcon.colcon_core.verb:set package 'smorphi_control' build argument 'catkin_skip_building_tests' from command line to 'False'
[0.250s] DEBUG:colcon.colcon_core.verb:Building package 'smorphi_control' with the following arguments: {'ament_cmake_args': None, 'build_base': '/home/alicia/rbrz_ws/build/smorphi_control', 'catkin_cmake_args': None, 'catkin_skip_building_tests': False, 'cmake_args': None, 'cmake_clean_cache': False, 'cmake_clean_first': False, 'cmake_force_configure': False, 'cmake_target': None, 'cmake_target_skip_unavailable': False, 'install_base': '/home/alicia/rbrz_ws/install/smorphi_control', 'merge_install': False, 'path': '/home/alicia/rbrz_ws/src/smorphi_control', 'symlink_install': True, 'test_result_base': None}
[0.251s] Level 5:colcon.colcon_core.verb:set package 'smorphi_description' build argument 'cmake_args' from command line to 'None'
[0.251s] Level 5:colcon.colcon_core.verb:set package 'smorphi_description' build argument 'cmake_target' from command line to 'None'
[0.251s] Level 5:colcon.colcon_core.verb:set package 'smorphi_description' build argument 'cmake_target_skip_unavailable' from command line to 'False'
[0.251s] Level 5:colcon.colcon_core.verb:set package 'smorphi_description' build argument 'cmake_clean_cache' from command line to 'False'
[0.251s] Level 5:colcon.colcon_core.verb:set package 'smorphi_description' build argument 'cmake_clean_first' from command line to 'False'
[0.251s] Level 5:colcon.colcon_core.verb:set package 'smorphi_description' build argument 'cmake_force_configure' from command line to 'False'
[0.251s] Level 5:colcon.colcon_core.verb:set package 'smorphi_description' build argument 'ament_cmake_args' from command line to 'None'
[0.251s] Level 5:colcon.colcon_core.verb:set package 'smorphi_description' build argument 'catkin_cmake_args' from command line to 'None'
[0.251s] Level 5:colcon.colcon_core.verb:set package 'smorphi_description' build argument 'catkin_skip_building_tests' from command line to 'False'
[0.251s] DEBUG:colcon.colcon_core.verb:Building package 'smorphi_description' with the following arguments: {'ament_cmake_args': None, 'build_base': '/home/alicia/rbrz_ws/build/smorphi_description', 'catkin_cmake_args': None, 'catkin_skip_building_tests': False, 'cmake_args': None, 'cmake_clean_cache': False, 'cmake_clean_first': False, 'cmake_force_configure': False, 'cmake_target': None, 'cmake_target_skip_unavailable': False, 'install_base': '/home/alicia/rbrz_ws/install/smorphi_description', 'merge_install': False, 'path': '/home/alicia/rbrz_ws/src/smorphi_description', 'symlink_install': True, 'test_result_base': None}
[0.251s] INFO:colcon.colcon_core.executor:Executing jobs using 'parallel' executor
[0.252s] DEBUG:colcon.colcon_parallel_executor.executor.parallel:run_until_complete
[0.252s] INFO:colcon.colcon_ros.task.ament_python.build:Building ROS package in '/home/alicia/rbrz_ws/src/smorphi_control' with build type 'ament_python'
[0.253s] Level 1:colcon.colcon_core.shell:create_environment_hook('smorphi_control', 'ament_prefix_path')
[0.257s] INFO:colcon.colcon_core.plugin_system:Skipping extension 'colcon_core.shell.bat': Not used on non-Windows systems
[0.257s] INFO:colcon.colcon_core.shell:Creating environment descriptor '/home/alicia/rbrz_ws/install/smorphi_control/share/smorphi_control/hook/ament_prefix_path.dsv'
[0.259s] INFO:colcon.colcon_core.shell:Creating environment hook '/home/alicia/rbrz_ws/install/smorphi_control/share/smorphi_control/hook/ament_prefix_path.sh'
[0.260s] DEBUG:colcon.colcon_core.shell:Skip shell extension 'dsv' for command environment
[0.268s] INFO:colcon.colcon_ros.task.ament_cmake.build:Building ROS package in '/home/alicia/rbrz_ws/src/smorphi_description' with build type 'ament_cmake'
[0.268s] INFO:colcon.colcon_cmake.task.cmake.build:Building CMake package in '/home/alicia/rbrz_ws/src/smorphi_description'
[0.269s] DEBUG:colcon.colcon_core.shell:Skip shell extension 'dsv' for command environment
[0.525s] INFO:colcon.colcon_core.task.python.build:Building Python package in '/home/alicia/rbrz_ws/src/smorphi_control'
[0.526s] DEBUG:colcon.colcon_core.shell:Skip shell extension 'dsv' for command environment
[0.535s] DEBUG:colcon.colcon_core.event_handler.log_command:Invoking command in '/home/alicia/rbrz_ws/build/smorphi_description': CMAKE_PREFIX_PATH=${CMAKE_PREFIX_PATH}:/home/alicia/rbrz_ws/install/smorphi_control:/opt/ros/jazzy DEBUGINFOD_URLS=https://debuginfod.ubuntu.com /usr/bin/cmake --build /home/alicia/rbrz_ws/build/smorphi_description -- -j8 -l8
[0.587s] DEBUG:colcon.colcon_core.event_handler.log_command:Invoked command in '/home/alicia/rbrz_ws/build/smorphi_description' returned '0': CMAKE_PREFIX_PATH=${CMAKE_PREFIX_PATH}:/home/alicia/rbrz_ws/install/smorphi_control:/opt/ros/jazzy DEBUGINFOD_URLS=https://debuginfod.ubuntu.com /usr/bin/cmake --build /home/alicia/rbrz_ws/build/smorphi_description -- -j8 -l8
[0.602s] DEBUG:colcon.colcon_core.event_handler.log_command:Invoking command in '/home/alicia/rbrz_ws/build/smorphi_description': CMAKE_PREFIX_PATH=${CMAKE_PREFIX_PATH}:/home/alicia/rbrz_ws/install/smorphi_control:/opt/ros/jazzy DEBUGINFOD_URLS=https://debuginfod.ubuntu.com /usr/bin/cmake --install /home/alicia/rbrz_ws/build/smorphi_description
[0.631s] Level 1:colcon.colcon_core.environment:create_environment_scripts_only(smorphi_description)
[0.632s] DEBUG:colcon.colcon_core.event_handler.log_command:Invoked command in '/home/alicia/rbrz_ws/build/smorphi_description' returned '0': CMAKE_PREFIX_PATH=${CMAKE_PREFIX_PATH}:/home/alicia/rbrz_ws/install/smorphi_control:/opt/ros/jazzy DEBUGINFOD_URLS=https://debuginfod.ubuntu.com /usr/bin/cmake --install /home/alicia/rbrz_ws/build/smorphi_description
[0.636s] Level 1:colcon.colcon_core.environment:checking '/home/alicia/rbrz_ws/install/smorphi_description' for CMake module files
[0.637s] Level 1:colcon.colcon_core.environment:checking '/home/alicia/rbrz_ws/install/smorphi_description' for CMake config files
[0.637s] Level 1:colcon.colcon_core.shell:create_environment_hook('smorphi_description', 'cmake_prefix_path')
[0.637s] INFO:colcon.colcon_core.shell:Creating environment descriptor '/home/alicia/rbrz_ws/install/smorphi_description/share/smorphi_description/hook/cmake_prefix_path.dsv'
[0.638s] INFO:colcon.colcon_core.shell:Creating environment hook '/home/alicia/rbrz_ws/install/smorphi_description/share/smorphi_description/hook/cmake_prefix_path.sh'
[0.638s] Level 1:colcon.colcon_core.environment:checking '/home/alicia/rbrz_ws/install/smorphi_description/bin'
[0.638s] Level 1:colcon.colcon_core.environment:checking '/home/alicia/rbrz_ws/install/smorphi_description/lib/pkgconfig/smorphi_description.pc'
[0.639s] Level 1:colcon.colcon_core.environment:checking '/home/alicia/rbrz_ws/install/smorphi_description/lib/python3.12/site-packages'
[0.639s] Level 1:colcon.colcon_core.environment:checking '/home/alicia/rbrz_ws/install/smorphi_description/bin'
[0.639s] INFO:colcon.colcon_core.shell:Creating package descriptor '/home/alicia/rbrz_ws/install/smorphi_description/share/smorphi_description/package.dsv'
[0.640s] INFO:colcon.colcon_core.shell:Creating package script '/home/alicia/rbrz_ws/install/smorphi_description/share/smorphi_description/package.sh'
[0.641s] INFO:colcon.colcon_core.shell:Creating package script '/home/alicia/rbrz_ws/install/smorphi_description/share/smorphi_description/package.bash'
[0.642s] INFO:colcon.colcon_core.shell:Creating package script '/home/alicia/rbrz_ws/install/smorphi_description/share/smorphi_description/package.zsh'
[0.642s] Level 1:colcon.colcon_core.environment:create_file_with_runtime_dependencies(/home/alicia/rbrz_ws/install/smorphi_description/share/colcon-core/packages/smorphi_description)
[0.643s] Level 1:colcon.colcon_core.environment:create_environment_scripts_only(smorphi_description)
[0.643s] Level 1:colcon.colcon_core.environment:checking '/home/alicia/rbrz_ws/install/smorphi_description' for CMake module files
[0.644s] Level 1:colcon.colcon_core.environment:checking '/home/alicia/rbrz_ws/install/smorphi_description' for CMake config files
[0.644s] Level 1:colcon.colcon_core.shell:create_environment_hook('smorphi_description', 'cmake_prefix_path')
[0.644s] INFO:colcon.colcon_core.shell:Creating environment descriptor '/home/alicia/rbrz_ws/install/smorphi_description/share/smorphi_description/hook/cmake_prefix_path.dsv'
[0.644s] INFO:colcon.colcon_core.shell:Creating environment hook '/home/alicia/rbrz_ws/install/smorphi_description/share/smorphi_description/hook/cmake_prefix_path.sh'
[0.645s] Level 1:colcon.colcon_core.environment:checking '/home/alicia/rbrz_ws/install/smorphi_description/bin'
[0.645s] Level 1:colcon.colcon_core.environment:checking '/home/alicia/rbrz_ws/install/smorphi_description/lib/pkgconfig/smorphi_description.pc'
[0.645s] Level 1:colcon.colcon_core.environment:checking '/home/alicia/rbrz_ws/install/smorphi_description/lib/python3.12/site-packages'
[0.646s] Level 1:colcon.colcon_core.environment:checking '/home/alicia/rbrz_ws/install/smorphi_description/bin'
[0.646s] INFO:colcon.colcon_core.shell:Creating package descriptor '/home/alicia/rbrz_ws/install/smorphi_description/share/smorphi_description/package.dsv'
[0.646s] INFO:colcon.colcon_core.shell:Creating package script '/home/alicia/rbrz_ws/install/smorphi_description/share/smorphi_description/package.sh'
[0.647s] INFO:colcon.colcon_core.shell:Creating package script '/home/alicia/rbrz_ws/install/smorphi_description/share/smorphi_description/package.bash'
[0.647s] INFO:colcon.colcon_core.shell:Creating package script '/home/alicia/rbrz_ws/install/smorphi_description/share/smorphi_description/package.zsh'
[0.648s] Level 1:colcon.colcon_core.environment:create_file_with_runtime_dependencies(/home/alicia/rbrz_ws/install/smorphi_description/share/colcon-core/packages/smorphi_description)
[1.285s] DEBUG:colcon.colcon_core.event_handler.log_command:Invoking command in '/home/alicia/rbrz_ws/build/smorphi_control': DEBUGINFOD_URLS=https://debuginfod.ubuntu.com PYTHONPATH=/home/alicia/rbrz_ws/build/smorphi_control/prefix_override:/usr/lib/python3/dist-packages/colcon_core/task/python/colcon_distutils_commands:/home/alicia/rbrz_ws/install/smorphi_control/lib/python3.12/site-packages:${PYTHONPATH} /usr/bin/python3 -W ignore:setup.py install is deprecated -W ignore:easy_install command is deprecated setup.py develop --editable --build-directory /home/alicia/rbrz_ws/build/smorphi_control/build --no-deps symlink_data
[2.042s] Level 1:colcon.colcon_core.shell:create_environment_hook('smorphi_control', 'pythonpath_develop')
[2.042s] INFO:colcon.colcon_core.shell:Creating environment descriptor '/home/alicia/rbrz_ws/build/smorphi_control/share/smorphi_control/hook/pythonpath_develop.dsv'
[2.043s] DEBUG:colcon.colcon_core.event_handler.log_command:Invoked command in '/home/alicia/rbrz_ws/build/smorphi_control' returned '0': DEBUGINFOD_URLS=https://debuginfod.ubuntu.com PYTHONPATH=/home/alicia/rbrz_ws/build/smorphi_control/prefix_override:/usr/lib/python3/dist-packages/colcon_core/task/python/colcon_distutils_commands:/home/alicia/rbrz_ws/install/smorphi_control/lib/python3.12/site-packages:${PYTHONPATH} /usr/bin/python3 -W ignore:setup.py install is deprecated -W ignore:easy_install command is deprecated setup.py develop --editable --build-directory /home/alicia/rbrz_ws/build/smorphi_control/build --no-deps symlink_data
[2.043s] INFO:colcon.colcon_core.shell:Creating environment hook '/home/alicia/rbrz_ws/build/smorphi_control/share/smorphi_control/hook/pythonpath_develop.sh'
[2.044s] Level 1:colcon.colcon_core.environment:checking '/home/alicia/rbrz_ws/install/smorphi_control' for CMake module files
[2.044s] Level 1:colcon.colcon_core.environment:checking '/home/alicia/rbrz_ws/install/smorphi_control' for CMake config files
[2.045s] Level 1:colcon.colcon_core.environment:checking '/home/alicia/rbrz_ws/install/smorphi_control/lib'
[2.045s] Level 1:colcon.colcon_core.environment:checking '/home/alicia/rbrz_ws/install/smorphi_control/bin'
[2.045s] Level 1:colcon.colcon_core.environment:checking '/home/alicia/rbrz_ws/install/smorphi_control/lib/pkgconfig/smorphi_control.pc'
[2.045s] Level 1:colcon.colcon_core.environment:checking '/home/alicia/rbrz_ws/install/smorphi_control/lib/python3.12/site-packages'
[2.045s] Level 1:colcon.colcon_core.shell:create_environment_hook('smorphi_control', 'pythonpath')
[2.046s] INFO:colcon.colcon_core.shell:Creating environment descriptor '/home/alicia/rbrz_ws/install/smorphi_control/share/smorphi_control/hook/pythonpath.dsv'
[2.046s] INFO:colcon.colcon_core.shell:Creating environment hook '/home/alicia/rbrz_ws/install/smorphi_control/share/smorphi_control/hook/pythonpath.sh'
[2.047s] Level 1:colcon.colcon_core.environment:checking '/home/alicia/rbrz_ws/install/smorphi_control/bin'
[2.047s] Level 1:colcon.colcon_core.environment:create_environment_scripts_only(smorphi_control)
[2.047s] INFO:colcon.colcon_core.shell:Creating package descriptor '/home/alicia/rbrz_ws/install/smorphi_control/share/smorphi_control/package.dsv'
[2.047s] INFO:colcon.colcon_core.shell:Creating package script '/home/alicia/rbrz_ws/install/smorphi_control/share/smorphi_control/package.sh'
[2.048s] INFO:colcon.colcon_core.shell:Creating package script '/home/alicia/rbrz_ws/install/smorphi_control/share/smorphi_control/package.bash'
[2.048s] INFO:colcon.colcon_core.shell:Creating package script '/home/alicia/rbrz_ws/install/smorphi_control/share/smorphi_control/package.zsh'
[2.049s] Level 1:colcon.colcon_core.environment:create_file_with_runtime_dependencies(/home/alicia/rbrz_ws/install/smorphi_control/share/colcon-core/packages/smorphi_control)
[2.049s] DEBUG:colcon.colcon_parallel_executor.executor.parallel:closing loop
[2.049s] DEBUG:colcon.colcon_parallel_executor.executor.parallel:loop closed
[2.049s] DEBUG:colcon.colcon_parallel_executor.executor.parallel:run_until_complete finished with '0'
[2.049s] DEBUG:colcon.colcon_core.event_reactor:joining thread
[2.056s] INFO:colcon.colcon_core.plugin_system:Skipping extension 'colcon_notification.desktop_notification.terminal_notifier': Not used on non-Darwin systems
[2.057s] INFO:colcon.colcon_core.plugin_system:Skipping extension 'colcon_notification.desktop_notification.win32': Not used on non-Windows systems
[2.057s] INFO:colcon.colcon_notification.desktop_notification:Sending desktop notification using 'notify2'
[2.077s] DEBUG:colcon.colcon_core.event_reactor:joined thread
[2.077s] INFO:colcon.colcon_core.shell:Creating prefix script '/home/alicia/rbrz_ws/install/local_setup.sh'
[2.078s] INFO:colcon.colcon_core.shell:Creating prefix util module '/home/alicia/rbrz_ws/install/_local_setup_util_sh.py'
[2.079s] INFO:colcon.colcon_core.shell:Creating prefix chain script '/home/alicia/rbrz_ws/install/setup.sh'
[2.081s] INFO:colcon.colcon_core.shell:Creating prefix script '/home/alicia/rbrz_ws/install/local_setup.bash'
[2.081s] INFO:colcon.colcon_core.shell:Creating prefix chain script '/home/alicia/rbrz_ws/install/setup.bash'
[2.082s] INFO:colcon.colcon_core.shell:Creating prefix script '/home/alicia/rbrz_ws/install/local_setup.zsh'
[2.083s] INFO:colcon.colcon_core.shell:Creating prefix chain script '/home/alicia/rbrz_ws/install/setup.zsh'
